Archive member included because of file (symbol)

c:/chibistudio/tools/gnu tools arm embedded/4.9 2015q3/bin/../lib/gcc/arm-none-eabi/4.9.3/../../../../arm-none-eabi/lib/armv7-m\libg.a(lib_a-memset.o)
                              C:\Users\ajink\AppData\Local\Temp\cc6B8sun.ltrans0.ltrans.o (memset)
c:/chibistudio/tools/gnu tools arm embedded/4.9 2015q3/bin/../lib/gcc/arm-none-eabi/4.9.3/../../../../arm-none-eabi/lib/armv7-m\libg.a(lib_a-strcasecmp.o)
                              C:\Users\ajink\AppData\Local\Temp\cc6B8sun.ltrans1.ltrans.o (strcasecmp)
c:/chibistudio/tools/gnu tools arm embedded/4.9 2015q3/bin/../lib/gcc/arm-none-eabi/4.9.3/../../../../arm-none-eabi/lib/armv7-m\libg.a(lib_a-strpbrk.o)
                              C:\Users\ajink\AppData\Local\Temp\cc6B8sun.ltrans4.ltrans.o (strpbrk)
c:/chibistudio/tools/gnu tools arm embedded/4.9 2015q3/bin/../lib/gcc/arm-none-eabi/4.9.3/../../../../arm-none-eabi/lib/armv7-m\libg.a(lib_a-strspn.o)
                              C:\Users\ajink\AppData\Local\Temp\cc6B8sun.ltrans4.ltrans.o (strspn)
c:/chibistudio/tools/gnu tools arm embedded/4.9 2015q3/bin/../lib/gcc/arm-none-eabi/4.9.3/../../../../arm-none-eabi/lib/armv7-m\libg.a(lib_a-ctype_.o)
                              c:/chibistudio/tools/gnu tools arm embedded/4.9 2015q3/bin/../lib/gcc/arm-none-eabi/4.9.3/../../../../arm-none-eabi/lib/armv7-m\libg.a(lib_a-strcasecmp.o) (__ctype_ptr__)

Discarded input sections

 .data          0x00000000        0x0 build/obj/crt0_v7m.o
 .bss           0x00000000        0x0 build/obj/crt0_v7m.o
 .data          0x00000000        0x0 build/obj/chcoreasm_v7m.o
 .bss           0x00000000        0x0 build/obj/chcoreasm_v7m.o
 .text          0x00000000        0x0 build/obj/crt1.o (symbol from plugin)
 .text          0x00000000        0x0 C:\Users\ajink\AppData\Local\Temp\cc6B8sun.ltrans0.ltrans.o
 .data          0x00000000        0x0 C:\Users\ajink\AppData\Local\Temp\cc6B8sun.ltrans0.ltrans.o
 .bss           0x00000000        0x0 C:\Users\ajink\AppData\Local\Temp\cc6B8sun.ltrans0.ltrans.o
 .text          0x00000000        0x0 C:\Users\ajink\AppData\Local\Temp\cc6B8sun.ltrans1.ltrans.o
 .data          0x00000000        0x0 C:\Users\ajink\AppData\Local\Temp\cc6B8sun.ltrans1.ltrans.o
 .bss           0x00000000        0x0 C:\Users\ajink\AppData\Local\Temp\cc6B8sun.ltrans1.ltrans.o
 .text          0x00000000        0x0 C:\Users\ajink\AppData\Local\Temp\cc6B8sun.ltrans2.ltrans.o
 .data          0x00000000        0x0 C:\Users\ajink\AppData\Local\Temp\cc6B8sun.ltrans2.ltrans.o
 .bss           0x00000000        0x0 C:\Users\ajink\AppData\Local\Temp\cc6B8sun.ltrans2.ltrans.o
 .text          0x00000000        0x0 C:\Users\ajink\AppData\Local\Temp\cc6B8sun.ltrans3.ltrans.o
 .data          0x00000000        0x0 C:\Users\ajink\AppData\Local\Temp\cc6B8sun.ltrans3.ltrans.o
 .bss           0x00000000        0x0 C:\Users\ajink\AppData\Local\Temp\cc6B8sun.ltrans3.ltrans.o
 .text          0x00000000        0x0 C:\Users\ajink\AppData\Local\Temp\cc6B8sun.ltrans4.ltrans.o
 .data          0x00000000        0x0 C:\Users\ajink\AppData\Local\Temp\cc6B8sun.ltrans4.ltrans.o
 .bss           0x00000000        0x0 C:\Users\ajink\AppData\Local\Temp\cc6B8sun.ltrans4.ltrans.o
 .text          0x00000000        0x0 c:/chibistudio/tools/gnu tools arm embedded/4.9 2015q3/bin/../lib/gcc/arm-none-eabi/4.9.3/../../../../arm-none-eabi/lib/armv7-m\libg.a(lib_a-memset.o)
 .data          0x00000000        0x0 c:/chibistudio/tools/gnu tools arm embedded/4.9 2015q3/bin/../lib/gcc/arm-none-eabi/4.9.3/../../../../arm-none-eabi/lib/armv7-m\libg.a(lib_a-memset.o)
 .bss           0x00000000        0x0 c:/chibistudio/tools/gnu tools arm embedded/4.9 2015q3/bin/../lib/gcc/arm-none-eabi/4.9.3/../../../../arm-none-eabi/lib/armv7-m\libg.a(lib_a-memset.o)
 .text          0x00000000        0x0 c:/chibistudio/tools/gnu tools arm embedded/4.9 2015q3/bin/../lib/gcc/arm-none-eabi/4.9.3/../../../../arm-none-eabi/lib/armv7-m\libg.a(lib_a-strcasecmp.o)
 .data          0x00000000        0x0 c:/chibistudio/tools/gnu tools arm embedded/4.9 2015q3/bin/../lib/gcc/arm-none-eabi/4.9.3/../../../../arm-none-eabi/lib/armv7-m\libg.a(lib_a-strcasecmp.o)
 .bss           0x00000000        0x0 c:/chibistudio/tools/gnu tools arm embedded/4.9 2015q3/bin/../lib/gcc/arm-none-eabi/4.9.3/../../../../arm-none-eabi/lib/armv7-m\libg.a(lib_a-strcasecmp.o)
 .text          0x00000000        0x0 c:/chibistudio/tools/gnu tools arm embedded/4.9 2015q3/bin/../lib/gcc/arm-none-eabi/4.9.3/../../../../arm-none-eabi/lib/armv7-m\libg.a(lib_a-strpbrk.o)
 .data          0x00000000        0x0 c:/chibistudio/tools/gnu tools arm embedded/4.9 2015q3/bin/../lib/gcc/arm-none-eabi/4.9.3/../../../../arm-none-eabi/lib/armv7-m\libg.a(lib_a-strpbrk.o)
 .bss           0x00000000        0x0 c:/chibistudio/tools/gnu tools arm embedded/4.9 2015q3/bin/../lib/gcc/arm-none-eabi/4.9.3/../../../../arm-none-eabi/lib/armv7-m\libg.a(lib_a-strpbrk.o)
[...]
Memory Configuration

Name             Origin             Length             Attributes
flash            0x08000000         0x00010000
ram0             0x20000000         0x00005000
ram1             0x00000000         0x00000000
ram2             0x00000000         0x00000000
ram3             0x00000000         0x00000000
ram4             0x00000000         0x00000000
ram5             0x00000000         0x00000000
ram6             0x00000000         0x00000000
ram7             0x00000000         0x00000000
*default*        0x00000000         0xffffffff

Linker script and memory map

LOAD build/obj/crt0_v7m.o
LOAD build/obj/chcoreasm_v7m.o
LOAD build/obj/crt1.o
LOAD C:\Users\ajink\AppData\Local\Temp\cc6B8sun.ltrans0.ltrans.o
LOAD C:\Users\ajink\AppData\Local\Temp\cc6B8sun.ltrans1.ltrans.o
LOAD C:\Users\ajink\AppData\Local\Temp\cc6B8sun.ltrans2.ltrans.o
LOAD C:\Users\ajink\AppData\Local\Temp\cc6B8sun.ltrans3.ltrans.o
LOAD C:\Users\ajink\AppData\Local\Temp\cc6B8sun.ltrans4.ltrans.o
LOAD c:/chibistudio/tools/gnu tools arm embedded/4.9 2015q3/bin/../lib/gcc/arm-none-eabi/4.9.3/armv7-m\libgcc.a
LOAD c:/chibistudio/tools/gnu tools arm embedded/4.9 2015q3/bin/../lib/gcc/arm-none-eabi/4.9.3/../../../../arm-none-eabi/lib/armv7-m\libg.a
LOAD c:/chibistudio/tools/gnu tools arm embedded/4.9 2015q3/bin/../lib/gcc/arm-none-eabi/4.9.3/../../../../arm-none-eabi/lib/armv7-m\libc.a
LOAD build/obj/vectors.o
LOAD build/obj/chsys.o
LOAD build/obj/chdebug.o
LOAD build/obj/chvt.o
LOAD build/obj/chschd.o
LOAD build/obj/chthreads.o
LOAD build/obj/chtm.o
LOAD build/obj/chdynamic.o
LOAD build/obj/chregistry.o
LOAD build/obj/chsem.o
LOAD build/obj/chmtx.o
LOAD build/obj/chcond.o
LOAD build/obj/chevents.o
LOAD build/obj/chmsg.o
LOAD build/obj/chmboxes.o
LOAD build/obj/chqueues.o
LOAD build/obj/chmemcore.o
LOAD build/obj/chheap.o
LOAD build/obj/chmempools.o
LOAD build/obj/chcore.o
LOAD build/obj/chcore_v7m.o
LOAD build/obj/osal.o
LOAD build/obj/hal.o
LOAD build/obj/st.o
LOAD build/obj/hal_queues.o
LOAD build/obj/hal_mmcsd.o
LOAD build/obj/adc.o
LOAD build/obj/i2c.o
LOAD build/obj/pal.o
LOAD build/obj/serial_usb.o
LOAD build/obj/uart.o
LOAD build/obj/usb.o
LOAD build/obj/hal_qei.o
LOAD build/obj/nvic.o
LOAD build/obj/stm32_dma.o
LOAD build/obj/hal_lld.o
LOAD build/obj/st_lld.o
LOAD build/obj/adc_lld.o
LOAD build/obj/pal_lld.o
LOAD build/obj/i2c_lld.o
LOAD build/obj/uart_lld.o
LOAD build/obj/usb_lld.o
LOAD build/obj/hal_qei_lld.o
LOAD build/obj/board.o
LOAD build/obj/shell.o
LOAD build/obj/memstreams.o
LOAD build/obj/chprintf.o
LOAD build/obj/usbcfg.o
LOAD build/obj/main.o
                0x20000000                __ram0_start__ = ORIGIN (ram0)
                0x00005000                __ram0_size__ = 0x5000
                0x20005000                __ram0_end__ = (__ram0_start__ + __ram0_size__)
                0x00000000                __ram1_start__ = ORIGIN (ram1)
                0x00000000                __ram1_size__ = 0x0
                0x00000000                __ram1_end__ = (__ram1_start__ + __ram1_size__)
                0x00000000                __ram2_start__ = ORIGIN (ram2)
                0x00000000                __ram2_size__ = 0x0
                0x00000000                __ram2_end__ = (__ram2_start__ + __ram2_size__)
                0x00000000                __ram3_start__ = ORIGIN (ram3)
                0x00000000                __ram3_size__ = 0x0
                0x00000000                __ram3_end__ = (__ram3_start__ + __ram3_size__)
                0x00000000                __ram4_start__ = ORIGIN (ram4)
                0x00000000                __ram4_size__ = 0x0
                0x00000000                __ram4_end__ = (__ram4_start__ + __ram4_size__)
                0x00000000                __ram5_start__ = ORIGIN (ram5)
                0x00000000                __ram5_size__ = 0x0
                0x00000000                __ram5_end__ = (__ram5_start__ + __ram5_size__)
                0x00000000                __ram6_start__ = ORIGIN (ram6)
                0x00000000                __ram6_size__ = 0x0
                0x00000000                __ram6_end__ = (__ram6_start__ + __ram6_size__)
                0x00000000                __ram7_start__ = ORIGIN (ram7)
                0x00000000                __ram7_size__ = 0x0
                0x00000000                __ram7_end__ = (__ram7_start__ + __ram7_size__)
                0x00000000                . = 0x0
                0x00000000                _text = .

startup         0x08000000      0x140
 *(.vectors)
 .vectors       0x08000000      0x140 C:\Users\ajink\AppData\Local\Temp\cc6B8sun.ltrans1.ltrans.o
                0x08000000                _vectors

constructors    0x08000140        0x0
                0x08000140                PROVIDE (__init_array_start, .)
 *(SORT(.init_array.*))
 *(.init_array)
                0x08000140                PROVIDE (__init_array_end, .)

destructors     0x08000140        0x0
                0x08000140                PROVIDE (__fini_array_start, .)
 *(.fini_array)
 *(SORT(.fini_array.*))
                0x08000140                PROVIDE (__fini_array_end, .)

.text           0x08000140     0x3761
 *(.text)
 .text          0x08000140       0xc0 build/obj/crt0_v7m.o
                0x08000140                Reset_Handler
 .text          0x08000200       0x28 build/obj/chcoreasm_v7m.o
                0x08000200                _port_switch
                0x08000210                _port_thread_start
                0x08000220                _port_switch_from_isr
                0x08000224                _port_exit_from_isr
 *(.text.*)
 *fill*         0x08000228        0x8 
 .text.VectorD8
                0x08000230       0x80 C:\Users\ajink\AppData\Local\Temp\cc6B8sun.ltrans0.ltrans.o
                0x08000230                VectorD8
 .text.VectorB0
                0x080002b0       0xa0 C:\Users\ajink\AppData\Local\Temp\cc6B8sun.ltrans0.ltrans.o
                0x080002b0                VectorB0
 .text.Vector84
                0x08000350       0x28 C:\Users\ajink\AppData\Local\Temp\cc6B8sun.ltrans0.ltrans.o
                0x08000350                Vector84
 *fill*         0x08000378        0x8 
 .text.Vector80
                0x08000380       0x28 C:\Users\ajink\AppData\Local\Temp\cc6B8sun.ltrans0.ltrans.o
                0x08000380                Vector80
 *fill*         0x080003a8        0x8 
 .text.Vector7C
                0x080003b0       0x28 C:\Users\ajink\AppData\Local\Temp\cc6B8sun.ltrans0.ltrans.o
                0x080003b0                Vector7C
 *fill*         0x080003d8        0x8 
 .text.Vector78
                0x080003e0       0x28 C:\Users\ajink\AppData\Local\Temp\cc6B8sun.ltrans0.ltrans.o
                0x080003e0                Vector78
 *fill*         0x08000408        0x8 
 .text.Vector74
                0x08000410       0x28 C:\Users\ajink\AppData\Local\Temp\cc6B8sun.ltrans0.ltrans.o
                0x08000410                Vector74
 *fill*         0x08000438        0x8 
 .text.Vector70
                0x08000440       0x28 C:\Users\ajink\AppData\Local\Temp\cc6B8sun.ltrans0.ltrans.o
                0x08000440                Vector70
 *fill*         0x08000468        0x8 
 .text.Vector6C
                0x08000470       0x28 C:\Users\ajink\AppData\Local\Temp\cc6B8sun.ltrans0.ltrans.o
                0x08000470                Vector6C
 *fill*         0x08000498        0x8 
 .text.VectorBC
                0x080004a0      0x114 C:\Users\ajink\AppData\Local\Temp\cc6B8sun.ltrans0.ltrans.o
                0x080004a0                VectorBC
 *fill*         0x080005b4        0xc 
 .text.VectorC0
                0x080005c0       0xe8 C:\Users\ajink\AppData\Local\Temp\cc6B8sun.ltrans0.ltrans.o
                0x080005c0                VectorC0
 *fill*         0x080006a8        0x8 
 .text.usb_packet_write_from_queue.lto_priv.49
                0x080006b0       0xb4 C:\Users\ajink\AppData\Local\Temp\cc6B8sun.ltrans0.ltrans.o
                0x080006b0                usb_packet_write_from_queue.lto_priv.49
 *fill*         0x08000764        0xc 
 .text.usbStartTransmitI
                0x08000770       0x44 C:\Users\ajink\AppData\Local\Temp\cc6B8sun.ltrans0.ltrans.o
                0x08000770                usbStartTransmitI
 *fill*         0x080007b4        0xc 
 .text._usb_ep0out
                0x080007c0       0xb0 C:\Users\ajink\AppData\Local\Temp\cc6B8sun.ltrans0.ltrans.o
                0x080007c0                _usb_ep0out
 .text.usbStartReceiveI
                0x08000870       0x44 C:\Users\ajink\AppData\Local\Temp\cc6B8sun.ltrans0.ltrans.o
                0x08000870                usbStartReceiveI
 *fill*         0x080008b4        0xc 
 .text._usb_ep0in
                0x080008c0       0xec C:\Users\ajink\AppData\Local\Temp\cc6B8sun.ltrans0.ltrans.o
                0x080008c0                _usb_ep0in
 *fill*         0x080009ac        0x4 
 .text._usb_ep0setup
                0x080009b0      0x3f0 C:\Users\ajink\AppData\Local\Temp\cc6B8sun.ltrans0.ltrans.o
                0x080009b0                _usb_ep0setup
 .text.usbInitEndpointI
                0x08000da0       0x34 C:\Users\ajink\AppData\Local\Temp\cc6B8sun.ltrans0.ltrans.o
                0x08000da0                usbInitEndpointI
 *fill*         0x08000dd4        0xc 
 .text.get_descriptor.lto_priv.39
                0x08000de0       0x30 C:\Users\ajink\AppData\Local\Temp\cc6B8sun.ltrans1.ltrans.o
                0x08000de0                get_descriptor.lto_priv.39
 .text.chvprintf
                0x08000e10      0x308 C:\Users\ajink\AppData\Local\Temp\cc6B8sun.ltrans1.ltrans.o
 *fill*         0x08001118        0x8 
 .text.chprintf
                0x08001120       0x20 C:\Users\ajink\AppData\Local\Temp\cc6B8sun.ltrans1.ltrans.o
 .text.cmd_systime
                0x08001140       0x34 C:\Users\ajink\AppData\Local\Temp\cc6B8sun.ltrans1.ltrans.o
 *fill*         0x08001174        0xc 
 .text.cmd_info
                0x08001180       0xbc C:\Users\ajink\AppData\Local\Temp\cc6B8sun.ltrans1.ltrans.o
 *fill*         0x0800123c        0x4 
 .text.shell_thread.lto_priv.34
                0x08001240      0x230 C:\Users\ajink\AppData\Local\Temp\cc6B8sun.ltrans1.ltrans.o
                0x08001240                shell_thread.lto_priv.34
 .text.Vector8C
                0x08001470        0x4 C:\Users\ajink\AppData\Local\Temp\cc6B8sun.ltrans1.ltrans.o
 *fill*         0x08001474        0xc 
 .text.chprintf.lto_priv.48
                0x08001480       0x20 C:\Users\ajink\AppData\Local\Temp\cc6B8sun.ltrans1.ltrans.o
                0x08001480                chprintf.lto_priv.48
 .text.__early_init
                0x080014a0       0x8c C:\Users\ajink\AppData\Local\Temp\cc6B8sun.ltrans1.ltrans.o
                0x080014a0                __early_init
 *fill*         0x0800152c        0x4 
 .text.usb_lld_prepare_transmit
                0x08001530       0x7c C:\Users\ajink\AppData\Local\Temp\cc6B8sun.ltrans1.ltrans.o
                0x08001530                usb_lld_prepare_transmit
 *fill*         0x080015ac        0x4 
 .text.usb_lld_prepare_receive
                0x080015b0       0x20 C:\Users\ajink\AppData\Local\Temp\cc6B8sun.ltrans1.ltrans.o
                0x080015b0                usb_lld_prepare_receive
 .text.usb_event.lto_priv.38
                0x080015d0       0xa8 C:\Users\ajink\AppData\Local\Temp\cc6B8sun.ltrans1.ltrans.o
                0x080015d0                usb_event.lto_priv.38
 *fill*         0x08001678        0x8 
 .text.usb_lld_init_endpoint
                0x08001680       0xd8 C:\Users\ajink\AppData\Local\Temp\cc6B8sun.ltrans1.ltrans.o
                0x08001680                usb_lld_init_endpoint
 *fill*         0x08001758        0x8 
 .text.usb_lld_reset
                0x08001760       0x44 C:\Users\ajink\AppData\Local\Temp\cc6B8sun.ltrans1.ltrans.o
                0x08001760                usb_lld_reset
 *fill*         0x080017a4        0xc 
 .text.Vector90
                0x080017b0      0x3a8 C:\Users\ajink\AppData\Local\Temp\cc6B8sun.ltrans1.ltrans.o
 *fill*         0x08001b58        0x8 
 .text.set_address.lto_priv.51
                0x08001b60       0x28 C:\Users\ajink\AppData\Local\Temp\cc6B8sun.ltrans2.ltrans.o
                0x08001b60                set_address.lto_priv.51
 *fill*         0x08001b88        0x8 
 .text.sduInterruptTransmitted
                0x08001b90        0x4 C:\Users\ajink\AppData\Local\Temp\cc6B8sun.ltrans2.ltrans.o
                0x08001b90                sduInterruptTransmitted
 *fill*         0x08001b94        0xc 
 .text.sduRequestsHook
                0x08001ba0       0x40 C:\Users\ajink\AppData\Local\Temp\cc6B8sun.ltrans2.ltrans.o
                0x08001ba0                sduRequestsHook
 .text.SVC_Handler
                0x08001be0       0x14 C:\Users\ajink\AppData\Local\Temp\cc6B8sun.ltrans2.ltrans.o
                0x08001be0                SVC_Handler
 *fill*         0x08001bf4        0xc 
 .text.chCoreAlloc
                0x08001c00       0x38 C:\Users\ajink\AppData\Local\Temp\cc6B8sun.ltrans2.ltrans.o
                0x08001c00                chCoreAlloc
 *fill*         0x08001c38        0x8 
 .text.wakeup   0x08001c40       0x70 C:\Users\ajink\AppData\Local\Temp\cc6B8sun.ltrans2.ltrans.o
 .text._idle_thread.lto_priv.37
                0x08001cb0        0x4 C:\Users\ajink\AppData\Local\Temp\cc6B8sun.ltrans2.ltrans.o
                0x08001cb0                _idle_thread.lto_priv.37
 *fill*         0x08001cb4        0xc 
 .text.inotify.lto_priv.35
                0x08001cc0       0x80 C:\Users\ajink\AppData\Local\Temp\cc6B8sun.ltrans2.ltrans.o
                0x08001cc0                inotify.lto_priv.35
 .text.onotify.lto_priv.36
                0x08001d40       0x70 C:\Users\ajink\AppData\Local\Temp\cc6B8sun.ltrans2.ltrans.o
                0x08001d40                onotify.lto_priv.36
 .text.chSchDoRescheduleAhead
                0x08001db0       0x3c C:\Users\ajink\AppData\Local\Temp\cc6B8sun.ltrans2.ltrans.o
 *fill*         0x08001dec        0x4 
 .text.chSchGoSleepS
                0x08001df0       0x24 C:\Users\ajink\AppData\Local\Temp\cc6B8sun.ltrans2.ltrans.o
 *fill*         0x08001e14        0xc 
 .text.chSchGoSleepTimeoutS
                0x08001e20      0x13c C:\Users\ajink\AppData\Local\Temp\cc6B8sun.ltrans2.ltrans.o
 *fill*         0x08001f5c        0x4 
 .text.chThdEnqueueTimeoutS
                0x08001f60       0x28 C:\Users\ajink\AppData\Local\Temp\cc6B8sun.ltrans2.ltrans.o
 *fill*         0x08001f88        0x8 
 .text.chOQWriteTimeout
                0x08001f90       0x80 C:\Users\ajink\AppData\Local\Temp\cc6B8sun.ltrans2.ltrans.o
 .text.writet.lto_priv.46
                0x08002010        0x8 C:\Users\ajink\AppData\Local\Temp\cc6B8sun.ltrans2.ltrans.o
                0x08002010                writet.lto_priv.46
 *fill*         0x08002018        0x8 
 .text.write.lto_priv.40
                0x08002020        0xc C:\Users\ajink\AppData\Local\Temp\cc6B8sun.ltrans2.ltrans.o
                0x08002020                write.lto_priv.40
 *fill*         0x0800202c        0x4 
 .text.chOQPutTimeout
                0x08002030       0x54 C:\Users\ajink\AppData\Local\Temp\cc6B8sun.ltrans2.ltrans.o
 *fill*         0x08002084        0xc 
 .text.putt.lto_priv.44
                0x08002090        0x8 C:\Users\ajink\AppData\Local\Temp\cc6B8sun.ltrans2.ltrans.o
                0x08002090                putt.lto_priv.44
 *fill*         0x08002098        0x8 
 .text.put.lto_priv.42
                0x080020a0        0xc C:\Users\ajink\AppData\Local\Temp\cc6B8sun.ltrans2.ltrans.o
                0x080020a0                put.lto_priv.42
 *fill*         0x080020ac        0x4 
 .text.chIQReadTimeout
                0x080020b0       0x78 C:\Users\ajink\AppData\Local\Temp\cc6B8sun.ltrans2.ltrans.o
 *fill*         0x08002128        0x8 
 .text.readt.lto_priv.47
                0x08002130        0x8 C:\Users\ajink\AppData\Local\Temp\cc6B8sun.ltrans2.ltrans.o
                0x08002130                readt.lto_priv.47
 *fill*         0x08002138        0x8 
 .text.read.lto_priv.41
                0x08002140        0xc C:\Users\ajink\AppData\Local\Temp\cc6B8sun.ltrans2.ltrans.o
                0x08002140                read.lto_priv.41
 *fill*         0x0800214c        0x4 
 .text.chIQGetTimeout
                0x08002150       0x50 C:\Users\ajink\AppData\Local\Temp\cc6B8sun.ltrans2.ltrans.o
 .text.gett.lto_priv.45
                0x080021a0        0x8 C:\Users\ajink\AppData\Local\Temp\cc6B8sun.ltrans2.ltrans.o
                0x080021a0                gett.lto_priv.45
 *fill*         0x080021a8        0x8 
 .text.get.lto_priv.43
                0x080021b0        0xc C:\Users\ajink\AppData\Local\Temp\cc6B8sun.ltrans2.ltrans.o
                0x080021b0                get.lto_priv.43
 *fill*         0x080021bc        0x4 
 .text._port_irq_epilogue
                0x080021c0       0x54 C:\Users\ajink\AppData\Local\Temp\cc6B8sun.ltrans2.ltrans.o
                0x080021c0                _port_irq_epilogue
 *fill*         0x08002214        0xc 
 .text.chTMStopMeasurementX
                0x08002220       0x44 C:\Users\ajink\AppData\Local\Temp\cc6B8sun.ltrans2.ltrans.o
                0x08002220                chTMStopMeasurementX
 *fill*         0x08002264        0xc 
 .text.chThdSleep
                0x08002270       0x18 C:\Users\ajink\AppData\Local\Temp\cc6B8sun.ltrans2.ltrans.o
                0x08002270                chThdSleep
 *fill*         0x08002288        0x8 
 .text.chSchDoReschedule
                0x08002290        0x4 C:\Users\ajink\AppData\Local\Temp\cc6B8sun.ltrans2.ltrans.o
                0x08002290                chSchDoReschedule
 *fill*         0x08002294        0xc 
 .text.chSchRescheduleS
                0x080022a0       0x18 C:\Users\ajink\AppData\Local\Temp\cc6B8sun.ltrans2.ltrans.o
                0x080022a0                chSchRescheduleS
 *fill*         0x080022b8        0x8 
 .text.chSchReadyI
                0x080022c0       0x2c C:\Users\ajink\AppData\Local\Temp\cc6B8sun.ltrans2.ltrans.o
                0x080022c0                chSchReadyI
 *fill*         0x080022ec        0x4 
 .text.chEvtBroadcastFlagsI
                0x080022f0       0x5c C:\Users\ajink\AppData\Local\Temp\cc6B8sun.ltrans2.ltrans.o
                0x080022f0                chEvtBroadcastFlagsI
 *fill*         0x0800234c        0x4 
 .text.sduDataReceived
                0x08002350       0x7c C:\Users\ajink\AppData\Local\Temp\cc6B8sun.ltrans2.ltrans.o
                0x08002350                sduDataReceived
 *fill*         0x080023cc        0x4 
 .text.sduDataTransmitted
                0x080023d0       0x8c C:\Users\ajink\AppData\Local\Temp\cc6B8sun.ltrans2.ltrans.o
                0x080023d0                sduDataTransmitted
 *fill*         0x0800245c        0x4 
 .text.chMtxUnlock
                0x08002460       0x64 C:\Users\ajink\AppData\Local\Temp\cc6B8sun.ltrans2.ltrans.o
                0x08002460                chMtxUnlock
 *fill*         0x080024c4        0xc 
 .text.chMtxLockS
                0x080024d0       0xc8 C:\Users\ajink\AppData\Local\Temp\cc6B8sun.ltrans2.ltrans.o
                0x080024d0                chMtxLockS
 *fill*         0x08002598        0x8 
 .text.chThdDequeueAllI
                0x080025a0       0x24 C:\Users\ajink\AppData\Local\Temp\cc6B8sun.ltrans2.ltrans.o
                0x080025a0                chThdDequeueAllI
 *fill*         0x080025c4        0xc 
 .text.chThdExitS
                0x080025d0       0x40 C:\Users\ajink\AppData\Local\Temp\cc6B8sun.ltrans2.ltrans.o
                0x080025d0                chThdExitS
 .text.chThdExit
                0x08002610        0xc C:\Users\ajink\AppData\Local\Temp\cc6B8sun.ltrans2.ltrans.o
                0x08002610                chThdExit
 *fill*         0x0800261c        0x4 
 .text._unhandled_exception
                0x08002620        0x4 C:\Users\ajink\AppData\Local\Temp\cc6B8sun.ltrans2.ltrans.o
                0x08002620                Vector58
                0x08002620                VectorE8
                0x08002620                Vector9C
                0x08002620                VectorAC
                0x08002620                DebugMon_Handler
                0x08002620                Vector5C
                0x08002620                Vector11C
                0x08002620                HardFault_Handler
                0x08002620                SysTick_Handler
                0x08002620                VectorDC
                0x08002620                PendSV_Handler
                0x08002620                NMI_Handler
                0x08002620                Vector110
                0x08002620                Vector120
                0x08002620                VectorC8
                0x08002620                Vector94
                0x08002620                VectorA8
                0x08002620                VectorB4
                0x08002620                UsageFault_Handler
                0x08002620                VectorEC
                0x08002620                Vector40
                0x08002620                VectorF8
                0x08002620                Vector108
                0x08002620                Vector124
                0x08002620                Vector118
                0x08002620                Vector64
                0x08002620                VectorCC
                0x08002620                Vector54
                0x08002620                Vector98
                0x08002620                Vector138
                0x08002620                Vector24
                0x08002620                VectorD0
                0x08002620                VectorE4
                0x08002620                Vector130
                0x08002620                Vector134
                0x08002620                VectorF0
                0x08002620                Vector12C
                0x08002620                Vector13C
                0x08002620                Vector100
                0x08002620                VectorE0
                0x08002620                VectorF4
                0x08002620                MemManage_Handler
                0x08002620                VectorA0
                0x08002620                VectorC4
                0x08002620                Vector114
                0x08002620                Vector60
                0x08002620                Vector1C
                0x08002620                Vector48
                0x08002620                VectorD4
                0x08002620                Vector4C
                0x08002620                Vector68
                0x08002620                Vector88
                0x08002620                Vector104
                0x08002620                Vector10C
                0x08002620                BusFault_Handler
                0x08002620                Vector50
                0x08002620                Vector44
                0x08002620                Vector28
                0x08002620                VectorB8
                0x08002620                VectorFC
                0x08002620                Vector34
                0x08002620                Vector128
                0x08002620                VectorA4
                0x08002620                Vector20
 *fill*         0x08002624        0xc 
 .text.__default_exit
                0x08002630        0x4 C:\Users\ajink\AppData\Local\Temp\cc6B8sun.ltrans2.ltrans.o
                0x08002630                __default_exit
 *fill*         0x08002634        0xc 
 .text.__late_init
                0x08002640        0x4 C:\Users\ajink\AppData\Local\Temp\cc6B8sun.ltrans2.ltrans.o
                0x08002640                __late_init
 *fill*         0x08002644        0xc 
 .text.__core_init
                0x08002650        0x4 C:\Users\ajink\AppData\Local\Temp\cc6B8sun.ltrans2.ltrans.o
                0x08002650                __core_init
 *fill*         0x08002654        0xc 
 .text.Thread1  0x08002660       0x48 C:\Users\ajink\AppData\Local\Temp\cc6B8sun.ltrans3.ltrans.o
 *fill*         0x080026a8        0x8 
 .text.adcWatch
                0x080026b0       0x40 C:\Users\ajink\AppData\Local\Temp\cc6B8sun.ltrans3.ltrans.o
 .text.cmd_mem  0x080026f0       0x10 C:\Users\ajink\AppData\Local\Temp\cc6B8sun.ltrans3.ltrans.o
 .text.startup.main
                0x08002700      0x89c C:\Users\ajink\AppData\Local\Temp\cc6B8sun.ltrans3.ltrans.o
                0x08002700                main
 *fill*         0x08002f9c        0x4 
 .text.chSchWakeupS.constprop.33
                0x08002fa0       0x58 C:\Users\ajink\AppData\Local\Temp\cc6B8sun.ltrans4.ltrans.o
                0x08002fa0                chSchWakeupS.constprop.33
 *fill*         0x08002ff8        0x8 
 .text.chTMStartMeasurementX.constprop.30
                0x08003000        0xc C:\Users\ajink\AppData\Local\Temp\cc6B8sun.ltrans4.ltrans.o
                0x08003000                chTMStartMeasurementX.constprop.30
 *fill*         0x0800300c        0x4 
 .text._strtok.constprop.4
                0x08003010       0x40 C:\Users\ajink\AppData\Local\Temp\cc6B8sun.ltrans4.ltrans.o
                0x08003010                _strtok.constprop.4
 .text.long_to_string_with_divisor.constprop.3
                0x08003050       0x44 C:\Users\ajink\AppData\Local\Temp\cc6B8sun.ltrans4.ltrans.o
                0x08003050                long_to_string_with_divisor.constprop.3
 *fill*         0x08003094        0xc 
 .text.memset   0x080030a0       0x9c c:/chibistudio/tools/gnu tools arm embedded/4.9 2015q3/bin/../lib/gcc/arm-none-eabi/4.9.3/../../../../arm-none-eabi/lib/armv7-m\libg.a(lib_a-memset.o)
                0x080030a0                memset
 *fill*         0x0800313c        0x4 
 .text.strcasecmp
                0x08003140       0x40 c:/chibistudio/tools/gnu tools arm embedded/4.9 2015q3/bin/../lib/gcc/arm-none-eabi/4.9.3/../../../../arm-none-eabi/lib/armv7-m\libg.a(lib_a-strcasecmp.o)
                0x08003140                strcasecmp
 .text.strpbrk  0x08003180       0x48 c:/chibistudio/tools/gnu tools arm embedded/4.9 2015q3/bin/../lib/gcc/arm-none-eabi/4.9.3/../../../../arm-none-eabi/lib/armv7-m\libg.a(lib_a-strpbrk.o)
                0x08003180                strpbrk
 *fill*         0x080031c8        0x8 
 .text.strspn   0x080031d0       0x34 c:/chibistudio/tools/gnu tools arm embedded/4.9 2015q3/bin/../lib/gcc/arm-none-eabi/4.9.3/../../../../arm-none-eabi/lib/armv7-m\libg.a(lib_a-strspn.o)
                0x080031d0                strspn
 *(.rodata)
 *(.rodata.*)
 *fill*         0x08003204        0xc 
 .rodata.zero_status
                0x08003210        0x2 C:\Users\ajink\AppData\Local\Temp\cc6B8sun.ltrans0.ltrans.o
 *fill*         0x08003212        0xe 
 .rodata.active_status
                0x08003220        0x2 C:\Users\ajink\AppData\Local\Temp\cc6B8sun.ltrans0.ltrans.o
 *fill*         0x08003222        0xe 
 .rodata.halted_status
                0x08003230        0x2 C:\Users\ajink\AppData\Local\Temp\cc6B8sun.ltrans0.ltrans.o
 *fill*         0x08003232        0xe 
 .rodata.ep1config
                0x08003240       0x24 C:\Users\ajink\AppData\Local\Temp\cc6B8sun.ltrans1.ltrans.o
 *fill*         0x08003264        0xc 
 .rodata.vcom_configuration_descriptor_data
                0x08003270       0x43 C:\Users\ajink\AppData\Local\Temp\cc6B8sun.ltrans1.ltrans.o
 *fill*         0x080032b3        0xd 
 .rodata.vcom_string1
                0x080032c0       0x12 C:\Users\ajink\AppData\Local\Temp\cc6B8sun.ltrans1.ltrans.o
 *fill*         0x080032d2        0xe 
 .rodata.vcom_string2
                0x080032e0       0x38 C:\Users\ajink\AppData\Local\Temp\cc6B8sun.ltrans1.ltrans.o
 *fill*         0x08003318        0x8 
 .rodata.vcom_configuration_descriptor
                0x08003320        0x8 C:\Users\ajink\AppData\Local\Temp\cc6B8sun.ltrans1.ltrans.o
 *fill*         0x08003328        0x8 
 .rodata.ep2config
                0x08003330       0x24 C:\Users\ajink\AppData\Local\Temp\cc6B8sun.ltrans1.ltrans.o
 *fill*         0x08003354        0xc 
 .rodata.str1.4
                0x08003360      0x239 C:\Users\ajink\AppData\Local\Temp\cc6B8sun.ltrans1.ltrans.o
                                0x23d (size before relaxing)
 *fill*         0x08003599        0x7 
 .rodata.vcom_device_descriptor_data
                0x080035a0       0x12 C:\Users\ajink\AppData\Local\Temp\cc6B8sun.ltrans1.ltrans.o
 *fill*         0x080035b2        0xe 
 .rodata.ep0config
                0x080035c0       0x24 C:\Users\ajink\AppData\Local\Temp\cc6B8sun.ltrans1.ltrans.o
 *fill*         0x080035e4        0xc 
 .rodata.vcom_string0
                0x080035f0        0x4 C:\Users\ajink\AppData\Local\Temp\cc6B8sun.ltrans1.ltrans.o
 *fill*         0x080035f4        0xc 
 .rodata.vcom_string3
                0x08003600        0x8 C:\Users\ajink\AppData\Local\Temp\cc6B8sun.ltrans1.ltrans.o
 *fill*         0x08003608        0x8 
 .rodata.CSWTCH.32
                0x08003610        0x6 C:\Users\ajink\AppData\Local\Temp\cc6B8sun.ltrans1.ltrans.o
 *fill*         0x08003616        0xa 
 .rodata.vcom_strings
                0x08003620       0x20 C:\Users\ajink\AppData\Local\Temp\cc6B8sun.ltrans1.ltrans.o
 .rodata.vcom_device_descriptor
                0x08003640        0x8 C:\Users\ajink\AppData\Local\Temp\cc6B8sun.ltrans1.ltrans.o
 *fill*         0x08003648        0x8 
 .rodata.ch_debug
                0x08003650       0x16 C:\Users\ajink\AppData\Local\Temp\cc6B8sun.ltrans3.ltrans.o
 *fill*         0x08003666        0xa 
 .rodata.commands
                0x08003670       0x18 C:\Users\ajink\AppData\Local\Temp\cc6B8sun.ltrans3.ltrans.o
 *fill*         0x08003688        0x8 
 .rodata.usbcfg
                0x08003690       0x10 C:\Users\ajink\AppData\Local\Temp\cc6B8sun.ltrans3.ltrans.o
 .rodata.str1.4
                0x080036a0       0x4e C:\Users\ajink\AppData\Local\Temp\cc6B8sun.ltrans3.ltrans.o
 *fill*         0x080036ee        0x2 
 .rodata.serusbcfg
                0x080036f0        0x8 C:\Users\ajink\AppData\Local\Temp\cc6B8sun.ltrans3.ltrans.o
 *fill*         0x080036f8        0x8 
 .rodata.shell_cfg1
                0x08003700        0x8 C:\Users\ajink\AppData\Local\Temp\cc6B8sun.ltrans3.ltrans.o
 *fill*         0x08003708        0x8 
 .rodata._stm32_dma_streams
                0x08003710       0x54 C:\Users\ajink\AppData\Local\Temp\cc6B8sun.ltrans3.ltrans.o
 *fill*         0x08003764        0xc 
 .rodata.vmt    0x08003770       0x20 C:\Users\ajink\AppData\Local\Temp\cc6B8sun.ltrans3.ltrans.o
 .rodata.str1.4
                0x08003790        0x4 C:\Users\ajink\AppData\Local\Temp\cc6B8sun.ltrans4.ltrans.o
                                  0x3 (size before relaxing)
 *fill*         0x08003794        0xc 
 .rodata._ctype_
                0x080037a0      0x101 c:/chibistudio/tools/gnu tools arm embedded/4.9 2015q3/bin/../lib/gcc/arm-none-eabi/4.9.3/../../../../arm-none-eabi/lib/armv7-m\libg.a(lib_a-ctype_.o)
                0x080037a0                _ctype_
 *(.glue_7t)
 .glue_7t       0x00000000        0x0 linker stubs
 *(.glue_7)
 .glue_7        0x00000000        0x0 linker stubs
 *(.gcc*)

.vfp11_veneer   0x080038a4        0x0
 .vfp11_veneer  0x00000000        0x0 linker stubs

.v4_bx          0x080038a4        0x0
 .v4_bx         0x00000000        0x0 linker stubs

.iplt           0x080038a4        0x0
 .iplt          0x00000000        0x0 build/obj/crt0_v7m.o

.rel.dyn        0x080038a4        0x0
 .rel.iplt      0x00000000        0x0 build/obj/crt0_v7m.o

.ARM.extab
 *(.ARM.extab* .gnu.linkonce.armextab.*)

.ARM.exidx      0x080038a1        0x0
                0x080038a1                PROVIDE (__exidx_start, .)
 *(.ARM.exidx* .gnu.linkonce.armexidx.*)
                0x080038a1                PROVIDE (__exidx_end, .)

.eh_frame_hdr
 *(.eh_frame_hdr)

.eh_frame
 *(.eh_frame)

.textalign      0x080038a1        0x7
                0x080038a8                . = ALIGN (0x8)
 *fill*         0x080038a1        0x7 
                0x080038a8                . = ALIGN (0x4)
                0x080038a8                _etext = .
                0x080038a8                _textdata = _etext

.mstack         0x20000000      0x400
                0x20000000                . = ALIGN (0x8)
                0x20000000                __main_stack_base__ = .
                0x20000400                . = (. + __main_stack_size__)
 *fill*         0x20000000      0x400 
                0x20000400                . = ALIGN (0x8)
                0x20000400                __main_stack_end__ = .

.pstack         0x20000400      0x400
                0x20000400                __process_stack_base__ = .
                0x20000400                __main_thread_stack_base__ = .
                0x20000800                . = (. + __process_stack_size__)
 *fill*         0x20000400      0x400 
                0x20000800                . = ALIGN (0x8)
                0x20000800                __process_stack_end__ = .
                0x20000800                __main_thread_stack_end__ = .

.data           0x20000800       0x34 load address 0x080038a8
                0x20000800                . = ALIGN (0x4)
                0x20000800                PROVIDE (_data, .)
 *(.data)
 *(.data.*)
 .data.local_commands
                0x20000800       0x18 C:\Users\ajink\AppData\Local\Temp\cc6B8sun.ltrans1.ltrans.o
 .data.linecoding
                0x20000818        0x7 C:\Users\ajink\AppData\Local\Temp\cc6B8sun.ltrans2.ltrans.o
 *fill*         0x2000081f        0x1 
 .data.qeicfg.8358
                0x20000820       0x10 C:\Users\ajink\AppData\Local\Temp\cc6B8sun.ltrans3.ltrans.o
 .data.__ctype_ptr__
                0x20000830        0x4 c:/chibistudio/tools/gnu tools arm embedded/4.9 2015q3/bin/../lib/gcc/arm-none-eabi/4.9.3/../../../../arm-none-eabi/lib/armv7-m\libg.a(lib_a-ctype_.o)
                0x20000830                __ctype_ptr__
 *(.ramtext)
                0x20000834                . = ALIGN (0x4)
                0x20000834                PROVIDE (_edata, .)

.igot.plt       0x20000834        0x0 load address 0x080038dc
 .igot.plt      0x00000000        0x0 build/obj/crt0_v7m.o

.bss            0x20000838      0x6c8 load address 0x080038dc
                0x20000838                . = ALIGN (0x4)
                0x20000838                PROVIDE (_bss_start, .)
 *(.bss)
 *(.bss.*)
 .bss.ep2instate
                0x20000838       0x10 C:\Users\ajink\AppData\Local\Temp\cc6B8sun.ltrans1.ltrans.o
 .bss.ep1instate
                0x20000848       0x10 C:\Users\ajink\AppData\Local\Temp\cc6B8sun.ltrans1.ltrans.o
 .bss.ep1outstate
                0x20000858       0x14 C:\Users\ajink\AppData\Local\Temp\cc6B8sun.ltrans1.ltrans.o
 .bss.ep0_state
                0x2000086c       0x14 C:\Users\ajink\AppData\Local\Temp\cc6B8sun.ltrans1.ltrans.o
 .bss.ep0setup_buffer
                0x20000880        0x8 C:\Users\ajink\AppData\Local\Temp\cc6B8sun.ltrans1.ltrans.o
 .bss.dma_isr_redir.lto_priv.50
                0x20000888       0x38 C:\Users\ajink\AppData\Local\Temp\cc6B8sun.ltrans3.ltrans.o
                0x20000888                dma_isr_redir.lto_priv.50
 .bss.USBD1     0x200008c0       0x84 C:\Users\ajink\AppData\Local\Temp\cc6B8sun.ltrans3.ltrans.o
                0x200008c0                USBD1
 .bss.SDU1      0x20000944      0x258 C:\Users\ajink\AppData\Local\Temp\cc6B8sun.ltrans3.ltrans.o
                0x20000944                SDU1
 .bss.ADCD1     0x20000b9c       0x34 C:\Users\ajink\AppData\Local\Temp\cc6B8sun.ltrans3.ltrans.o
 .bss.shell_terminated
                0x20000bd0        0x4 C:\Users\ajink\AppData\Local\Temp\cc6B8sun.ltrans3.ltrans.o
                0x20000bd0                shell_terminated
 *fill*         0x20000bd4        0x4 
 .bss.waThread1
                0x20000bd8      0x148 C:\Users\ajink\AppData\Local\Temp\cc6B8sun.ltrans3.ltrans.o
 .bss.endmem.lto_priv.52
                0x20000d20        0x4 C:\Users\ajink\AppData\Local\Temp\cc6B8sun.ltrans3.ltrans.o
                0x20000d20                endmem.lto_priv.52
 .bss.nextmem.lto_priv.53
                0x20000d24        0x4 C:\Users\ajink\AppData\Local\Temp\cc6B8sun.ltrans3.ltrans.o
                0x20000d24                nextmem.lto_priv.53
 .bss.UARTD2    0x20000d28       0x1c C:\Users\ajink\AppData\Local\Temp\cc6B8sun.ltrans3.ltrans.o
                0x20000d28                UARTD2
 .bss.QEID4     0x20000d44        0xc C:\Users\ajink\AppData\Local\Temp\cc6B8sun.ltrans3.ltrans.o
 .bss.default_heap
                0x20000d50       0x20 C:\Users\ajink\AppData\Local\Temp\cc6B8sun.ltrans3.ltrans.o
 .bss.I2CD1     0x20000d70       0x38 C:\Users\ajink\AppData\Local\Temp\cc6B8sun.ltrans3.ltrans.o
                0x20000d70                I2CD1
 .bss.dma_streams_mask
                0x20000da8        0x4 C:\Users\ajink\AppData\Local\Temp\cc6B8sun.ltrans3.ltrans.o
 *fill*         0x20000dac        0x4 
 .bss.ch        0x20000db0      0x150 C:\Users\ajink\AppData\Local\Temp\cc6B8sun.ltrans4.ltrans.o
                0x20000db0                ch
 *(COMMON)
                0x20000f00                . = ALIGN (0x4)
                0x20000f00                PROVIDE (_bss_end, .)
                0x20000f00                PROVIDE (end, .)

.ram0           0x20000f00        0x0 load address 0x080038dc
                0x20000f00                . = ALIGN (0x4)
 *(.ram0)
 *(.ram0.*)
                0x20000f00                . = ALIGN (0x4)
                0x20000f00                __ram0_free__ = .

.ram1           0x00000000        0x0
                0x00000000                . = ALIGN (0x4)
 *(.ram1)
 *(.ram1.*)
                0x00000000                . = ALIGN (0x4)
                0x00000000                __ram1_free__ = .

.ram2           0x00000000        0x0
                0x00000000                . = ALIGN (0x4)
 *(.ram2)
 *(.ram2.*)
                0x00000000                . = ALIGN (0x4)
                0x00000000                __ram2_free__ = .

.ram3           0x00000000        0x0
                0x00000000                . = ALIGN (0x4)
 *(.ram3)
 *(.ram3.*)
                0x00000000                . = ALIGN (0x4)
                0x00000000                __ram3_free__ = .

.ram4           0x00000000        0x0
                0x00000000                . = ALIGN (0x4)
 *(.ram4)
 *(.ram4.*)
                0x00000000                . = ALIGN (0x4)
                0x00000000                __ram4_free__ = .

.ram5           0x00000000        0x0
                0x00000000                . = ALIGN (0x4)
 *(.ram5)
 *(.ram5.*)
                0x00000000                . = ALIGN (0x4)
                0x00000000                __ram5_free__ = .

.ram6           0x00000000        0x0
                0x00000000                . = ALIGN (0x4)
 *(.ram6)
 *(.ram6.*)
                0x00000000                . = ALIGN (0x4)
                0x00000000                __ram6_free__ = .

.ram7           0x00000000        0x0
                0x00000000                . = ALIGN (0x4)
 *(.ram7)
 *(.ram7.*)
                0x00000000                . = ALIGN (0x4)
                0x00000000                __ram7_free__ = .
                0x20000f00                __heap_base__ = __ram0_free__
                0x20005000                __heap_end__ = __ram0_end__
                0x00000400                __process_stack_size__ = 0x400
                0x00000400                __main_stack_size__ = 0x400
START GROUP
LOAD c:/chibistudio/tools/gnu tools arm embedded/4.9 2015q3/bin/../lib/gcc/arm-none-eabi/4.9.3/armv7-m\libgcc.a
LOAD c:/chibistudio/tools/gnu tools arm embedded/4.9 2015q3/bin/../lib/gcc/arm-none-eabi/4.9.3/../../../../arm-none-eabi/lib/armv7-m\libg.a
LOAD c:/chibistudio/tools/gnu tools arm embedded/4.9 2015q3/bin/../lib/gcc/arm-none-eabi/4.9.3/../../../../arm-none-eabi/lib/armv7-m\libc.a
END GROUP
OUTPUT(build/rotaryEnc.elf elf32-littlearm)

.ARM.attributes
                0x00000000       0x2f
 .ARM.attributes
                0x00000000       0x21 build/obj/crt0_v7m.o
 .ARM.attributes
                0x00000021       0x21 build/obj/chcoreasm_v7m.o
 .ARM.attributes
                0x00000042       0x31 C:\Users\ajink\AppData\Local\Temp\cc6B8sun.ltrans0.ltrans.o
 .ARM.attributes
                0x00000073       0x31 C:\Users\ajink\AppData\Local\Temp\cc6B8sun.ltrans1.ltrans.o
 .ARM.attributes
                0x000000a4       0x31 C:\Users\ajink\AppData\Local\Temp\cc6B8sun.ltrans2.ltrans.o
 .ARM.attributes
                0x000000d5       0x31 C:\Users\ajink\AppData\Local\Temp\cc6B8sun.ltrans3.ltrans.o
 .ARM.attributes
                0x00000106       0x31 C:\Users\ajink\AppData\Local\Temp\cc6B8sun.ltrans4.ltrans.o
 .ARM.attributes
                0x00000137       0x2d c:/chibistudio/tools/gnu tools arm embedded/4.9 2015q3/bin/../lib/gcc/arm-none-eabi/4.9.3/../../../../arm-none-eabi/lib/armv7-m\libg.a(lib_a-memset.o)
 .ARM.attributes
                0x00000164       0x2d c:/chibistudio/tools/gnu tools arm embedded/4.9 2015q3/bin/../lib/gcc/arm-none-eabi/4.9.3/../../../../arm-none-eabi/lib/armv7-m\libg.a(lib_a-strcasecmp.o)
 .ARM.attributes
                0x00000191       0x2d c:/chibistudio/tools/gnu tools arm embedded/4.9 2015q3/bin/../lib/gcc/arm-none-eabi/4.9.3/../../../../arm-none-eabi/lib/armv7-m\libg.a(lib_a-strpbrk.o)
 .ARM.attributes
                0x000001be       0x2d c:/chibistudio/tools/gnu tools arm embedded/4.9 2015q3/bin/../lib/gcc/arm-none-eabi/4.9.3/../../../../arm-none-eabi/lib/armv7-m\libg.a(lib_a-strspn.o)
 .ARM.attributes
                0x000001eb       0x2d c:/chibistudio/tools/gnu tools arm embedded/4.9 2015q3/bin/../lib/gcc/arm-none-eabi/4.9.3/../../../../arm-none-eabi/lib/armv7-m\libg.a(lib_a-ctype_.o)

.comment        0x00000000       0x70
 .comment       0x00000000       0x70 C:\Users\ajink\AppData\Local\Temp\cc6B8sun.ltrans0.ltrans.o
                                 0x71 (size before relaxing)
 .comment       0x00000000       0x71 C:\Users\ajink\AppData\Local\Temp\cc6B8sun.ltrans1.ltrans.o
 .comment       0x00000000       0x71 C:\Users\ajink\AppData\Local\Temp\cc6B8sun.ltrans2.ltrans.o
 .comment       0x00000000       0x71 C:\Users\ajink\AppData\Local\Temp\cc6B8sun.ltrans3.ltrans.o
 .comment       0x00000000       0x71 C:\Users\ajink\AppData\Local\Temp\cc6B8sun.ltrans4.ltrans.o

.debug_info     0x00000000     0xe18f
 .debug_info    0x00000000     0x3212 C:\Users\ajink\AppData\Local\Temp\cc6B8sun.ltrans0.ltrans.o
 .debug_info    0x00003212     0x2bf5 C:\Users\ajink\AppData\Local\Temp\cc6B8sun.ltrans1.ltrans.o
 .debug_info    0x00005e07     0x3b55 C:\Users\ajink\AppData\Local\Temp\cc6B8sun.ltrans2.ltrans.o
 .debug_info    0x0000995c     0x3ea9 C:\Users\ajink\AppData\Local\Temp\cc6B8sun.ltrans3.ltrans.o
 .debug_info    0x0000d805      0x98a C:\Users\ajink\AppData\Local\Temp\cc6B8sun.ltrans4.ltrans.o

.debug_abbrev   0x00000000     0x1a5c
 .debug_abbrev  0x00000000      0x542 C:\Users\ajink\AppData\Local\Temp\cc6B8sun.ltrans0.ltrans.o
 .debug_abbrev  0x00000542      0x697 C:\Users\ajink\AppData\Local\Temp\cc6B8sun.ltrans1.ltrans.o
 .debug_abbrev  0x00000bd9      0x6c3 C:\Users\ajink\AppData\Local\Temp\cc6B8sun.ltrans2.ltrans.o
 .debug_abbrev  0x0000129c      0x508 C:\Users\ajink\AppData\Local\Temp\cc6B8sun.ltrans3.ltrans.o
 .debug_abbrev  0x000017a4      0x2b8 C:\Users\ajink\AppData\Local\Temp\cc6B8sun.ltrans4.ltrans.o

.debug_loc      0x00000000     0x4ad0
 .debug_loc     0x00000000     0x1046 C:\Users\ajink\AppData\Local\Temp\cc6B8sun.ltrans0.ltrans.o
 .debug_loc     0x00001046     0x13aa C:\Users\ajink\AppData\Local\Temp\cc6B8sun.ltrans1.ltrans.o
 .debug_loc     0x000023f0     0x1876 C:\Users\ajink\AppData\Local\Temp\cc6B8sun.ltrans2.ltrans.o
 .debug_loc     0x00003c66      0xc08 C:\Users\ajink\AppData\Local\Temp\cc6B8sun.ltrans3.ltrans.o
 .debug_loc     0x0000486e      0x262 C:\Users\ajink\AppData\Local\Temp\cc6B8sun.ltrans4.ltrans.o

.debug_aranges  0x00000000      0x318
 .debug_aranges
                0x00000000       0xa8 C:\Users\ajink\AppData\Local\Temp\cc6B8sun.ltrans0.ltrans.o
 .debug_aranges
                0x000000a8       0x90 C:\Users\ajink\AppData\Local\Temp\cc6B8sun.ltrans1.ltrans.o
 .debug_aranges
                0x00000138      0x170 C:\Users\ajink\AppData\Local\Temp\cc6B8sun.ltrans2.ltrans.o
 .debug_aranges
                0x000002a8       0x38 C:\Users\ajink\AppData\Local\Temp\cc6B8sun.ltrans3.ltrans.o
 .debug_aranges
                0x000002e0       0x38 C:\Users\ajink\AppData\Local\Temp\cc6B8sun.ltrans4.ltrans.o

.debug_ranges   0x00000000     0x1718
 .debug_ranges  0x00000000      0x3a0 C:\Users\ajink\AppData\Local\Temp\cc6B8sun.ltrans0.ltrans.o
 .debug_ranges  0x000003a0      0x2d8 C:\Users\ajink\AppData\Local\Temp\cc6B8sun.ltrans1.ltrans.o
 .debug_ranges  0x00000678      0x5d0 C:\Users\ajink\AppData\Local\Temp\cc6B8sun.ltrans2.ltrans.o
 .debug_ranges  0x00000c48      0xa78 C:\Users\ajink\AppData\Local\Temp\cc6B8sun.ltrans3.ltrans.o
 .debug_ranges  0x000016c0       0x58 C:\Users\ajink\AppData\Local\Temp\cc6B8sun.ltrans4.ltrans.o

.debug_line     0x00000000     0x375c
 .debug_line    0x00000000      0xba2 C:\Users\ajink\AppData\Local\Temp\cc6B8sun.ltrans0.ltrans.o
 .debug_line    0x00000ba2      0xadc C:\Users\ajink\AppData\Local\Temp\cc6B8sun.ltrans1.ltrans.o
 .debug_line    0x0000167e      0xe6b C:\Users\ajink\AppData\Local\Temp\cc6B8sun.ltrans2.ltrans.o
 .debug_line    0x000024e9      0xecc C:\Users\ajink\AppData\Local\Temp\cc6B8sun.ltrans3.ltrans.o
 .debug_line    0x000033b5      0x3a7 C:\Users\ajink\AppData\Local\Temp\cc6B8sun.ltrans4.ltrans.o

.debug_str      0x00000000     0x29e5
 .debug_str     0x00000000     0x10c7 C:\Users\ajink\AppData\Local\Temp\cc6B8sun.ltrans0.ltrans.o
                               0x1195 (size before relaxing)
 .debug_str     0x000010c7      0x75b C:\Users\ajink\AppData\Local\Temp\cc6B8sun.ltrans1.ltrans.o
                               0x113e (size before relaxing)
 .debug_str     0x00001822      0x617 C:\Users\ajink\AppData\Local\Temp\cc6B8sun.ltrans2.ltrans.o
                               0x119e (size before relaxing)
 .debug_str     0x00001e39      0xa48 C:\Users\ajink\AppData\Local\Temp\cc6B8sun.ltrans3.ltrans.o
                               0x1867 (size before relaxing)
 .debug_str     0x00002881      0x164 C:\Users\ajink\AppData\Local\Temp\cc6B8sun.ltrans4.ltrans.o
                                0x67d (size before relaxing)

.debug_frame    0x00000000      0xad0
 .debug_frame   0x00000000      0x28c C:\Users\ajink\AppData\Local\Temp\cc6B8sun.ltrans0.ltrans.o
 .debug_frame   0x0000028c      0x228 C:\Users\ajink\AppData\Local\Temp\cc6B8sun.ltrans1.ltrans.o
 .debug_frame   0x000004b4      0x450 C:\Users\ajink\AppData\Local\Temp\cc6B8sun.ltrans2.ltrans.o
 .debug_frame   0x00000904       0x7c C:\Users\ajink\AppData\Local\Temp\cc6B8sun.ltrans3.ltrans.o
 .debug_frame   0x00000980       0x88 C:\Users\ajink\AppData\Local\Temp\cc6B8sun.ltrans4.ltrans.o
 .debug_frame   0x00000a08       0x34 c:/chibistudio/tools/gnu tools arm embedded/4.9 2015q3/bin/../lib/gcc/arm-none-eabi/4.9.3/../../../../arm-none-eabi/lib/armv7-m\libg.a(lib_a-memset.o)
 .debug_frame   0x00000a3c       0x2c c:/chibistudio/tools/gnu tools arm embedded/4.9 2015q3/bin/../lib/gcc/arm-none-eabi/4.9.3/../../../../arm-none-eabi/lib/armv7-m\libg.a(lib_a-strcasecmp.o)
 .debug_frame   0x00000a68       0x34 c:/chibistudio/tools/gnu tools arm embedded/4.9 2015q3/bin/../lib/gcc/arm-none-eabi/4.9.3/../../../../arm-none-eabi/lib/armv7-m\libg.a(lib_a-strpbrk.o)
 .debug_frame   0x00000a9c       0x34 c:/chibistudio/tools/gnu tools arm embedded/4.9 2015q3/bin/../lib/gcc/arm-none-eabi/4.9.3/../../../../arm-none-eabi/lib/armv7-m\libg.a(lib_a-strspn.o)

Cross Reference Table

Symbol                                            File
ADCD1                                             build/obj/adc_lld.o (symbol from plugin)
BusFault_Handler                                  C:\Users\ajink\AppData\Local\Temp\cc6B8sun.ltrans2.ltrans.o
                                                  build/obj/vectors.o (symbol from plugin)
                                                  C:\Users\ajink\AppData\Local\Temp\cc6B8sun.ltrans1.ltrans.o
DebugMon_Handler                                  C:\Users\ajink\AppData\Local\Temp\cc6B8sun.ltrans2.ltrans.o
                                                  build/obj/vectors.o (symbol from plugin)
                                                  C:\Users\ajink\AppData\Local\Temp\cc6B8sun.ltrans1.ltrans.o
HardFault_Handler                                 C:\Users\ajink\AppData\Local\Temp\cc6B8sun.ltrans2.ltrans.o
                                                  build/obj/vectors.o (symbol from plugin)
                                                  C:\Users\ajink\AppData\Local\Temp\cc6B8sun.ltrans1.ltrans.o
I2CD1                                             C:\Users\ajink\AppData\Local\Temp\cc6B8sun.ltrans3.ltrans.o
                                                  build/obj/i2c_lld.o (symbol from plugin)
                                                  C:\Users\ajink\AppData\Local\Temp\cc6B8sun.ltrans0.ltrans.o
MemManage_Handler                                 C:\Users\ajink\AppData\Local\Temp\cc6B8sun.ltrans2.ltrans.o
                                                  build/obj/vectors.o (symbol from plugin)
                                                  C:\Users\ajink\AppData\Local\Temp\cc6B8sun.ltrans1.ltrans.o
NMI_Handler                                       C:\Users\ajink\AppData\Local\Temp\cc6B8sun.ltrans2.ltrans.o
                                                  build/obj/vectors.o (symbol from plugin)
                                                  C:\Users\ajink\AppData\Local\Temp\cc6B8sun.ltrans1.ltrans.o
PendSV_Handler                                    C:\Users\ajink\AppData\Local\Temp\cc6B8sun.ltrans2.ltrans.o
                                                  build/obj/vectors.o (symbol from plugin)
                                                  C:\Users\ajink\AppData\Local\Temp\cc6B8sun.ltrans1.ltrans.o
QEID4                                             build/obj/hal_qei_lld.o (symbol from plugin)
                                                  build/obj/main.o (symbol from plugin)
Reset_Handler                                     build/obj/crt0_v7m.o
                                                  C:\Users\ajink\AppData\Local\Temp\cc6B8sun.ltrans1.ltrans.o
SDU1                                              C:\Users\ajink\AppData\Local\Temp\cc6B8sun.ltrans3.ltrans.o
                                                  build/obj/main.o (symbol from plugin)
                                                  C:\Users\ajink\AppData\Local\Temp\cc6B8sun.ltrans1.ltrans.o
                                                  build/obj/usbcfg.o (symbol from plugin)
SVC_Handler                                       C:\Users\ajink\AppData\Local\Temp\cc6B8sun.ltrans2.ltrans.o
                                                  build/obj/chcore_v7m.o (symbol from plugin)
                                                  build/obj/vectors.o (symbol from plugin)
                                                  C:\Users\ajink\AppData\Local\Temp\cc6B8sun.ltrans1.ltrans.o
SysTick_Handler                                   C:\Users\ajink\AppData\Local\Temp\cc6B8sun.ltrans2.ltrans.o
                                                  build/obj/vectors.o (symbol from plugin)
                                                  C:\Users\ajink\AppData\Local\Temp\cc6B8sun.ltrans1.ltrans.o
SystemCoreClock                                   build/obj/hal_lld.o (symbol from plugin)
UARTD2                                            C:\Users\ajink\AppData\Local\Temp\cc6B8sun.ltrans3.ltrans.o
                                                  build/obj/uart_lld.o (symbol from plugin)
                                                  C:\Users\ajink\AppData\Local\Temp\cc6B8sun.ltrans0.ltrans.o
USBD1                                             C:\Users\ajink\AppData\Local\Temp\cc6B8sun.ltrans3.ltrans.o
                                                  build/obj/usb_lld.o (symbol from plugin)
                                                  C:\Users\ajink\AppData\Local\Temp\cc6B8sun.ltrans1.ltrans.o
                                                  build/obj/usbcfg.o (symbol from plugin)
UsageFault_Handler                                C:\Users\ajink\AppData\Local\Temp\cc6B8sun.ltrans2.ltrans.o
                                                  build/obj/vectors.o (symbol from plugin)
                                                  C:\Users\ajink\AppData\Local\Temp\cc6B8sun.ltrans1.ltrans.o
Vector100                                         C:\Users\ajink\AppData\Local\Temp\cc6B8sun.ltrans2.ltrans.o
                                                  build/obj/vectors.o (symbol from plugin)
                                                  C:\Users\ajink\AppData\Local\Temp\cc6B8sun.ltrans1.ltrans.o
Vector104                                         C:\Users\ajink\AppData\Local\Temp\cc6B8sun.ltrans2.ltrans.o
                                                  build/obj/vectors.o (symbol from plugin)
                                                  C:\Users\ajink\AppData\Local\Temp\cc6B8sun.ltrans1.ltrans.o
Vector108                                         C:\Users\ajink\AppData\Local\Temp\cc6B8sun.ltrans2.ltrans.o
                                                  build/obj/vectors.o (symbol from plugin)
                                                  C:\Users\ajink\AppData\Local\Temp\cc6B8sun.ltrans1.ltrans.o
Vector10C                                         C:\Users\ajink\AppData\Local\Temp\cc6B8sun.ltrans2.ltrans.o
                                                  build/obj/vectors.o (symbol from plugin)
                                                  C:\Users\ajink\AppData\Local\Temp\cc6B8sun.ltrans1.ltrans.o
Vector110                                         C:\Users\ajink\AppData\Local\Temp\cc6B8sun.ltrans2.ltrans.o
                                                  build/obj/vectors.o (symbol from plugin)
                                                  C:\Users\ajink\AppData\Local\Temp\cc6B8sun.ltrans1.ltrans.o
Vector114                                         C:\Users\ajink\AppData\Local\Temp\cc6B8sun.ltrans2.ltrans.o
                                                  build/obj/vectors.o (symbol from plugin)
                                                  C:\Users\ajink\AppData\Local\Temp\cc6B8sun.ltrans1.ltrans.o
Vector118                                         C:\Users\ajink\AppData\Local\Temp\cc6B8sun.ltrans2.ltrans.o
                                                  build/obj/vectors.o (symbol from plugin)
                                                  C:\Users\ajink\AppData\Local\Temp\cc6B8sun.ltrans1.ltrans.o
Vector11C                                         C:\Users\ajink\AppData\Local\Temp\cc6B8sun.ltrans2.ltrans.o
                                                  build/obj/vectors.o (symbol from plugin)
                                                  C:\Users\ajink\AppData\Local\Temp\cc6B8sun.ltrans1.ltrans.o
Vector120                                         C:\Users\ajink\AppData\Local\Temp\cc6B8sun.ltrans2.ltrans.o
                                                  build/obj/vectors.o (symbol from plugin)
                                                  C:\Users\ajink\AppData\Local\Temp\cc6B8sun.ltrans1.ltrans.o
Vector124                                         C:\Users\ajink\AppData\Local\Temp\cc6B8sun.ltrans2.ltrans.o
                                                  build/obj/vectors.o (symbol from plugin)
                                                  C:\Users\ajink\AppData\Local\Temp\cc6B8sun.ltrans1.ltrans.o
Vector128                                         C:\Users\ajink\AppData\Local\Temp\cc6B8sun.ltrans2.ltrans.o
                                                  build/obj/vectors.o (symbol from plugin)
                                                  C:\Users\ajink\AppData\Local\Temp\cc6B8sun.ltrans1.ltrans.o
Vector12C                                         C:\Users\ajink\AppData\Local\Temp\cc6B8sun.ltrans2.ltrans.o
                                                  build/obj/vectors.o (symbol from plugin)
                                                  C:\Users\ajink\AppData\Local\Temp\cc6B8sun.ltrans1.ltrans.o
Vector130                                         C:\Users\ajink\AppData\Local\Temp\cc6B8sun.ltrans2.ltrans.o
                                                  build/obj/vectors.o (symbol from plugin)
                                                  C:\Users\ajink\AppData\Local\Temp\cc6B8sun.ltrans1.ltrans.o
Vector134                                         C:\Users\ajink\AppData\Local\Temp\cc6B8sun.ltrans2.ltrans.o
                                                  build/obj/vectors.o (symbol from plugin)
                                                  C:\Users\ajink\AppData\Local\Temp\cc6B8sun.ltrans1.ltrans.o
Vector138                                         C:\Users\ajink\AppData\Local\Temp\cc6B8sun.ltrans2.ltrans.o
                                                  build/obj/vectors.o (symbol from plugin)
                                                  C:\Users\ajink\AppData\Local\Temp\cc6B8sun.ltrans1.ltrans.o
Vector13C                                         C:\Users\ajink\AppData\Local\Temp\cc6B8sun.ltrans2.ltrans.o
                                                  build/obj/vectors.o (symbol from plugin)
                                                  C:\Users\ajink\AppData\Local\Temp\cc6B8sun.ltrans1.ltrans.o
Vector1C                                          C:\Users\ajink\AppData\Local\Temp\cc6B8sun.ltrans2.ltrans.o
                                                  build/obj/vectors.o (symbol from plugin)
                                                  C:\Users\ajink\AppData\Local\Temp\cc6B8sun.ltrans1.ltrans.o
Vector20                                          C:\Users\ajink\AppData\Local\Temp\cc6B8sun.ltrans2.ltrans.o
                                                  build/obj/vectors.o (symbol from plugin)
                                                  C:\Users\ajink\AppData\Local\Temp\cc6B8sun.ltrans1.ltrans.o
Vector24                                          C:\Users\ajink\AppData\Local\Temp\cc6B8sun.ltrans2.ltrans.o
                                                  build/obj/vectors.o (symbol from plugin)
                                                  C:\Users\ajink\AppData\Local\Temp\cc6B8sun.ltrans1.ltrans.o
Vector28                                          C:\Users\ajink\AppData\Local\Temp\cc6B8sun.ltrans2.ltrans.o
                                                  build/obj/vectors.o (symbol from plugin)
                                                  C:\Users\ajink\AppData\Local\Temp\cc6B8sun.ltrans1.ltrans.o
Vector34                                          C:\Users\ajink\AppData\Local\Temp\cc6B8sun.ltrans2.ltrans.o
                                                  build/obj/vectors.o (symbol from plugin)
                                                  C:\Users\ajink\AppData\Local\Temp\cc6B8sun.ltrans1.ltrans.o
Vector40                                          C:\Users\ajink\AppData\Local\Temp\cc6B8sun.ltrans2.ltrans.o
                                                  build/obj/vectors.o (symbol from plugin)
                                                  C:\Users\ajink\AppData\Local\Temp\cc6B8sun.ltrans1.ltrans.o
Vector44                                          C:\Users\ajink\AppData\Local\Temp\cc6B8sun.ltrans2.ltrans.o
                                                  build/obj/vectors.o (symbol from plugin)
                                                  C:\Users\ajink\AppData\Local\Temp\cc6B8sun.ltrans1.ltrans.o
Vector48                                          C:\Users\ajink\AppData\Local\Temp\cc6B8sun.ltrans2.ltrans.o
                                                  build/obj/vectors.o (symbol from plugin)
                                                  C:\Users\ajink\AppData\Local\Temp\cc6B8sun.ltrans1.ltrans.o
Vector4C                                          C:\Users\ajink\AppData\Local\Temp\cc6B8sun.ltrans2.ltrans.o
                                                  build/obj/vectors.o (symbol from plugin)
                                                  C:\Users\ajink\AppData\Local\Temp\cc6B8sun.ltrans1.ltrans.o
Vector50                                          C:\Users\ajink\AppData\Local\Temp\cc6B8sun.ltrans2.ltrans.o
                                                  build/obj/vectors.o (symbol from plugin)
                                                  C:\Users\ajink\AppData\Local\Temp\cc6B8sun.ltrans1.ltrans.o
Vector54                                          C:\Users\ajink\AppData\Local\Temp\cc6B8sun.ltrans2.ltrans.o
                                                  build/obj/vectors.o (symbol from plugin)
                                                  C:\Users\ajink\AppData\Local\Temp\cc6B8sun.ltrans1.ltrans.o
Vector58                                          C:\Users\ajink\AppData\Local\Temp\cc6B8sun.ltrans2.ltrans.o
                                                  build/obj/vectors.o (symbol from plugin)
                                                  C:\Users\ajink\AppData\Local\Temp\cc6B8sun.ltrans1.ltrans.o
Vector5C                                          C:\Users\ajink\AppData\Local\Temp\cc6B8sun.ltrans2.ltrans.o
                                                  build/obj/vectors.o (symbol from plugin)
                                                  C:\Users\ajink\AppData\Local\Temp\cc6B8sun.ltrans1.ltrans.o
Vector60                                          C:\Users\ajink\AppData\Local\Temp\cc6B8sun.ltrans2.ltrans.o
                                                  build/obj/vectors.o (symbol from plugin)
                                                  C:\Users\ajink\AppData\Local\Temp\cc6B8sun.ltrans1.ltrans.o
Vector64                                          C:\Users\ajink\AppData\Local\Temp\cc6B8sun.ltrans2.ltrans.o
                                                  build/obj/vectors.o (symbol from plugin)
                                                  C:\Users\ajink\AppData\Local\Temp\cc6B8sun.ltrans1.ltrans.o
Vector68                                          C:\Users\ajink\AppData\Local\Temp\cc6B8sun.ltrans2.ltrans.o
                                                  build/obj/vectors.o (symbol from plugin)
                                                  C:\Users\ajink\AppData\Local\Temp\cc6B8sun.ltrans1.ltrans.o
Vector6C                                          C:\Users\ajink\AppData\Local\Temp\cc6B8sun.ltrans0.ltrans.o
                                                  build/obj/stm32_dma.o (symbol from plugin)
                                                  build/obj/vectors.o (symbol from plugin)
                                                  C:\Users\ajink\AppData\Local\Temp\cc6B8sun.ltrans1.ltrans.o
Vector70                                          C:\Users\ajink\AppData\Local\Temp\cc6B8sun.ltrans0.ltrans.o
                                                  build/obj/stm32_dma.o (symbol from plugin)
                                                  build/obj/vectors.o (symbol from plugin)
                                                  C:\Users\ajink\AppData\Local\Temp\cc6B8sun.ltrans1.ltrans.o
Vector74                                          C:\Users\ajink\AppData\Local\Temp\cc6B8sun.ltrans0.ltrans.o
                                                  build/obj/stm32_dma.o (symbol from plugin)
                                                  build/obj/vectors.o (symbol from plugin)
                                                  C:\Users\ajink\AppData\Local\Temp\cc6B8sun.ltrans1.ltrans.o
Vector78                                          C:\Users\ajink\AppData\Local\Temp\cc6B8sun.ltrans0.ltrans.o
                                                  build/obj/stm32_dma.o (symbol from plugin)
                                                  build/obj/vectors.o (symbol from plugin)
                                                  C:\Users\ajink\AppData\Local\Temp\cc6B8sun.ltrans1.ltrans.o
Vector7C                                          C:\Users\ajink\AppData\Local\Temp\cc6B8sun.ltrans0.ltrans.o
                                                  build/obj/stm32_dma.o (symbol from plugin)
                                                  build/obj/vectors.o (symbol from plugin)
                                                  C:\Users\ajink\AppData\Local\Temp\cc6B8sun.ltrans1.ltrans.o
Vector80                                          C:\Users\ajink\AppData\Local\Temp\cc6B8sun.ltrans0.ltrans.o
                                                  build/obj/stm32_dma.o (symbol from plugin)
                                                  build/obj/vectors.o (symbol from plugin)
                                                  C:\Users\ajink\AppData\Local\Temp\cc6B8sun.ltrans1.ltrans.o
Vector84                                          C:\Users\ajink\AppData\Local\Temp\cc6B8sun.ltrans0.ltrans.o
                                                  build/obj/stm32_dma.o (symbol from plugin)
                                                  build/obj/vectors.o (symbol from plugin)
                                                  C:\Users\ajink\AppData\Local\Temp\cc6B8sun.ltrans1.ltrans.o
Vector88                                          C:\Users\ajink\AppData\Local\Temp\cc6B8sun.ltrans2.ltrans.o
                                                  build/obj/vectors.o (symbol from plugin)
                                                  C:\Users\ajink\AppData\Local\Temp\cc6B8sun.ltrans1.ltrans.o
Vector8C                                          build/obj/usb_lld.o (symbol from plugin)
                                                  build/obj/vectors.o (symbol from plugin)
Vector90                                          build/obj/usb_lld.o (symbol from plugin)
                                                  build/obj/vectors.o (symbol from plugin)
Vector94                                          C:\Users\ajink\AppData\Local\Temp\cc6B8sun.ltrans2.ltrans.o
                                                  build/obj/vectors.o (symbol from plugin)
                                                  C:\Users\ajink\AppData\Local\Temp\cc6B8sun.ltrans1.ltrans.o
Vector98                                          C:\Users\ajink\AppData\Local\Temp\cc6B8sun.ltrans2.ltrans.o
                                                  build/obj/vectors.o (symbol from plugin)
                                                  C:\Users\ajink\AppData\Local\Temp\cc6B8sun.ltrans1.ltrans.o
Vector9C                                          C:\Users\ajink\AppData\Local\Temp\cc6B8sun.ltrans2.ltrans.o
                                                  build/obj/vectors.o (symbol from plugin)
                                                  C:\Users\ajink\AppData\Local\Temp\cc6B8sun.ltrans1.ltrans.o
VectorA0                                          C:\Users\ajink\AppData\Local\Temp\cc6B8sun.ltrans2.ltrans.o
                                                  build/obj/vectors.o (symbol from plugin)
                                                  C:\Users\ajink\AppData\Local\Temp\cc6B8sun.ltrans1.ltrans.o
VectorA4                                          C:\Users\ajink\AppData\Local\Temp\cc6B8sun.ltrans2.ltrans.o
                                                  build/obj/vectors.o (symbol from plugin)
                                                  C:\Users\ajink\AppData\Local\Temp\cc6B8sun.ltrans1.ltrans.o
VectorA8                                          C:\Users\ajink\AppData\Local\Temp\cc6B8sun.ltrans2.ltrans.o
                                                  build/obj/vectors.o (symbol from plugin)
                                                  C:\Users\ajink\AppData\Local\Temp\cc6B8sun.ltrans1.ltrans.o
VectorAC                                          C:\Users\ajink\AppData\Local\Temp\cc6B8sun.ltrans2.ltrans.o
                                                  build/obj/vectors.o (symbol from plugin)
                                                  C:\Users\ajink\AppData\Local\Temp\cc6B8sun.ltrans1.ltrans.o
VectorB0                                          C:\Users\ajink\AppData\Local\Temp\cc6B8sun.ltrans0.ltrans.o
                                                  build/obj/st_lld.o (symbol from plugin)
                                                  build/obj/vectors.o (symbol from plugin)
                                                  C:\Users\ajink\AppData\Local\Temp\cc6B8sun.ltrans1.ltrans.o
VectorB4                                          C:\Users\ajink\AppData\Local\Temp\cc6B8sun.ltrans2.ltrans.o
                                                  build/obj/vectors.o (symbol from plugin)
                                                  C:\Users\ajink\AppData\Local\Temp\cc6B8sun.ltrans1.ltrans.o
VectorB8                                          C:\Users\ajink\AppData\Local\Temp\cc6B8sun.ltrans2.ltrans.o
                                                  build/obj/vectors.o (symbol from plugin)
                                                  C:\Users\ajink\AppData\Local\Temp\cc6B8sun.ltrans1.ltrans.o
VectorBC                                          C:\Users\ajink\AppData\Local\Temp\cc6B8sun.ltrans0.ltrans.o
                                                  build/obj/i2c_lld.o (symbol from plugin)
                                                  build/obj/vectors.o (symbol from plugin)
                                                  C:\Users\ajink\AppData\Local\Temp\cc6B8sun.ltrans1.ltrans.o
VectorC0                                          C:\Users\ajink\AppData\Local\Temp\cc6B8sun.ltrans0.ltrans.o
                                                  build/obj/i2c_lld.o (symbol from plugin)
                                                  build/obj/vectors.o (symbol from plugin)
                                                  C:\Users\ajink\AppData\Local\Temp\cc6B8sun.ltrans1.ltrans.o
VectorC4                                          C:\Users\ajink\AppData\Local\Temp\cc6B8sun.ltrans2.ltrans.o
                                                  build/obj/vectors.o (symbol from plugin)
                                                  C:\Users\ajink\AppData\Local\Temp\cc6B8sun.ltrans1.ltrans.o
VectorC8                                          C:\Users\ajink\AppData\Local\Temp\cc6B8sun.ltrans2.ltrans.o
                                                  build/obj/vectors.o (symbol from plugin)
                                                  C:\Users\ajink\AppData\Local\Temp\cc6B8sun.ltrans1.ltrans.o
VectorCC                                          C:\Users\ajink\AppData\Local\Temp\cc6B8sun.ltrans2.ltrans.o
                                                  build/obj/vectors.o (symbol from plugin)
                                                  C:\Users\ajink\AppData\Local\Temp\cc6B8sun.ltrans1.ltrans.o
VectorD0                                          C:\Users\ajink\AppData\Local\Temp\cc6B8sun.ltrans2.ltrans.o
                                                  build/obj/vectors.o (symbol from plugin)
                                                  C:\Users\ajink\AppData\Local\Temp\cc6B8sun.ltrans1.ltrans.o
VectorD4                                          C:\Users\ajink\AppData\Local\Temp\cc6B8sun.ltrans2.ltrans.o
                                                  build/obj/vectors.o (symbol from plugin)
                                                  C:\Users\ajink\AppData\Local\Temp\cc6B8sun.ltrans1.ltrans.o
VectorD8                                          C:\Users\ajink\AppData\Local\Temp\cc6B8sun.ltrans0.ltrans.o
                                                  build/obj/uart_lld.o (symbol from plugin)
                                                  build/obj/vectors.o (symbol from plugin)
                                                  C:\Users\ajink\AppData\Local\Temp\cc6B8sun.ltrans1.ltrans.o
VectorDC                                          C:\Users\ajink\AppData\Local\Temp\cc6B8sun.ltrans2.ltrans.o
                                                  build/obj/vectors.o (symbol from plugin)
                                                  C:\Users\ajink\AppData\Local\Temp\cc6B8sun.ltrans1.ltrans.o
VectorE0                                          C:\Users\ajink\AppData\Local\Temp\cc6B8sun.ltrans2.ltrans.o
                                                  build/obj/vectors.o (symbol from plugin)
                                                  C:\Users\ajink\AppData\Local\Temp\cc6B8sun.ltrans1.ltrans.o
VectorE4                                          C:\Users\ajink\AppData\Local\Temp\cc6B8sun.ltrans2.ltrans.o
                                                  build/obj/vectors.o (symbol from plugin)
                                                  C:\Users\ajink\AppData\Local\Temp\cc6B8sun.ltrans1.ltrans.o
VectorE8                                          C:\Users\ajink\AppData\Local\Temp\cc6B8sun.ltrans2.ltrans.o
                                                  build/obj/vectors.o (symbol from plugin)
                                                  C:\Users\ajink\AppData\Local\Temp\cc6B8sun.ltrans1.ltrans.o
VectorEC                                          C:\Users\ajink\AppData\Local\Temp\cc6B8sun.ltrans2.ltrans.o
                                                  build/obj/vectors.o (symbol from plugin)
                                                  C:\Users\ajink\AppData\Local\Temp\cc6B8sun.ltrans1.ltrans.o
VectorF0                                          C:\Users\ajink\AppData\Local\Temp\cc6B8sun.ltrans2.ltrans.o
                                                  build/obj/vectors.o (symbol from plugin)
                                                  C:\Users\ajink\AppData\Local\Temp\cc6B8sun.ltrans1.ltrans.o
VectorF4                                          C:\Users\ajink\AppData\Local\Temp\cc6B8sun.ltrans2.ltrans.o
                                                  build/obj/vectors.o (symbol from plugin)
                                                  C:\Users\ajink\AppData\Local\Temp\cc6B8sun.ltrans1.ltrans.o
VectorF8                                          C:\Users\ajink\AppData\Local\Temp\cc6B8sun.ltrans2.ltrans.o
                                                  build/obj/vectors.o (symbol from plugin)
                                                  C:\Users\ajink\AppData\Local\Temp\cc6B8sun.ltrans1.ltrans.o
VectorFC                                          C:\Users\ajink\AppData\Local\Temp\cc6B8sun.ltrans2.ltrans.o
                                                  build/obj/vectors.o (symbol from plugin)
                                                  C:\Users\ajink\AppData\Local\Temp\cc6B8sun.ltrans1.ltrans.o
__core_init                                       C:\Users\ajink\AppData\Local\Temp\cc6B8sun.ltrans2.ltrans.o
                                                  build/obj/crt1.o (symbol from plugin)
                                                  build/obj/crt0_v7m.o
__ctype_ptr__                                     c:/chibistudio/tools/gnu tools arm embedded/4.9 2015q3/bin/../lib/gcc/arm-none-eabi/4.9.3/../../../../arm-none-eabi/lib/armv7-m\libg.a(lib_a-ctype_.o)
                                                  c:/chibistudio/tools/gnu tools arm embedded/4.9 2015q3/bin/../lib/gcc/arm-none-eabi/4.9.3/../../../../arm-none-eabi/lib/armv7-m\libg.a(lib_a-strcasecmp.o)
__default_exit                                    C:\Users\ajink\AppData\Local\Temp\cc6B8sun.ltrans2.ltrans.o
                                                  build/obj/crt1.o (symbol from plugin)
                                                  build/obj/crt0_v7m.o
__early_init                                      C:\Users\ajink\AppData\Local\Temp\cc6B8sun.ltrans1.ltrans.o
                                                  build/obj/board.o (symbol from plugin)
                                                  build/obj/crt1.o (symbol from plugin)
                                                  build/obj/crt0_v7m.o
__fini_array_end                                  build/obj/crt0_v7m.o
__fini_array_start                                build/obj/crt0_v7m.o
__heap_base__                                     C:\Users\ajink\AppData\Local\Temp\cc6B8sun.ltrans3.ltrans.o
                                                  build/obj/chmemcore.o (symbol from plugin)
__heap_end__                                      C:\Users\ajink\AppData\Local\Temp\cc6B8sun.ltrans3.ltrans.o
                                                  build/obj/chmemcore.o (symbol from plugin)
__init_array_end                                  build/obj/crt0_v7m.o
__init_array_start                                build/obj/crt0_v7m.o
__late_init                                       C:\Users\ajink\AppData\Local\Temp\cc6B8sun.ltrans2.ltrans.o
                                                  build/obj/crt1.o (symbol from plugin)
                                                  build/obj/crt0_v7m.o
__main_stack_base__                               build/obj/crt0_v7m.o
__main_stack_end__                                C:\Users\ajink\AppData\Local\Temp\cc6B8sun.ltrans1.ltrans.o
                                                  build/obj/vectors.o (symbol from plugin)
                                                  build/obj/crt0_v7m.o
__process_stack_base__                            build/obj/crt0_v7m.o
__process_stack_end__                             build/obj/crt0_v7m.o
_bss_end                                          build/obj/crt0_v7m.o
_bss_start                                        build/obj/crt0_v7m.o
_core_init                                        build/obj/chmemcore.o (symbol from plugin)
                                                  build/obj/chsys.o (symbol from plugin)
_ctype_                                           c:/chibistudio/tools/gnu tools arm embedded/4.9 2015q3/bin/../lib/gcc/arm-none-eabi/4.9.3/../../../../arm-none-eabi/lib/armv7-m\libg.a(lib_a-ctype_.o)
_data                                             build/obj/crt0_v7m.o
_edata                                            build/obj/crt0_v7m.o
_heap_init                                        build/obj/chheap.o (symbol from plugin)
                                                  build/obj/chsys.o (symbol from plugin)
_idle_thread.lto_priv.37                          C:\Users\ajink\AppData\Local\Temp\cc6B8sun.ltrans2.ltrans.o
                                                  C:\Users\ajink\AppData\Local\Temp\cc6B8sun.ltrans3.ltrans.o
_pal_lld_init                                     build/obj/pal_lld.o (symbol from plugin)
                                                  build/obj/hal.o (symbol from plugin)
_pal_lld_setgroupmode                             build/obj/pal_lld.o (symbol from plugin)
                                                  build/obj/pal.o (symbol from plugin)
_port_exit_from_isr                               build/obj/chcoreasm_v7m.o
                                                  C:\Users\ajink\AppData\Local\Temp\cc6B8sun.ltrans2.ltrans.o
                                                  build/obj/chcore_v7m.o (symbol from plugin)
_port_irq_epilogue                                C:\Users\ajink\AppData\Local\Temp\cc6B8sun.ltrans2.ltrans.o
                                                  build/obj/chcore_v7m.o (symbol from plugin)
                                                  C:\Users\ajink\AppData\Local\Temp\cc6B8sun.ltrans1.ltrans.o
                                                  C:\Users\ajink\AppData\Local\Temp\cc6B8sun.ltrans0.ltrans.o
                                                  build/obj/usb_lld.o (symbol from plugin)
                                                  build/obj/uart_lld.o (symbol from plugin)
                                                  build/obj/i2c_lld.o (symbol from plugin)
                                                  build/obj/st_lld.o (symbol from plugin)
                                                  build/obj/stm32_dma.o (symbol from plugin)
_port_switch                                      build/obj/chcoreasm_v7m.o
                                                  C:\Users\ajink\AppData\Local\Temp\cc6B8sun.ltrans4.ltrans.o
                                                  C:\Users\ajink\AppData\Local\Temp\cc6B8sun.ltrans2.ltrans.o
                                                  build/obj/chschd.o (symbol from plugin)
_port_switch_from_isr                             build/obj/chcoreasm_v7m.o
                                                  C:\Users\ajink\AppData\Local\Temp\cc6B8sun.ltrans2.ltrans.o
                                                  build/obj/chcore_v7m.o (symbol from plugin)
_port_thread_start                                build/obj/chcoreasm_v7m.o
                                                  C:\Users\ajink\AppData\Local\Temp\cc6B8sun.ltrans3.ltrans.o
                                                  build/obj/chthreads.o (symbol from plugin)
_scheduler_init                                   build/obj/chschd.o (symbol from plugin)
                                                  build/obj/chsys.o (symbol from plugin)
_stm32_dma_streams                                build/obj/stm32_dma.o (symbol from plugin)
                                                  build/obj/uart_lld.o (symbol from plugin)
                                                  build/obj/i2c_lld.o (symbol from plugin)
                                                  build/obj/adc_lld.o (symbol from plugin)
_strtok.constprop.4                               C:\Users\ajink\AppData\Local\Temp\cc6B8sun.ltrans4.ltrans.o
                                                  C:\Users\ajink\AppData\Local\Temp\cc6B8sun.ltrans1.ltrans.o
_textdata                                         build/obj/crt0_v7m.o
_thread_init                                      build/obj/chthreads.o (symbol from plugin)
                                                  build/obj/chsys.o (symbol from plugin)
_tm_init                                          build/obj/chtm.o (symbol from plugin)
                                                  build/obj/chsys.o (symbol from plugin)
_unhandled_exception                              build/obj/vectors.o (symbol from plugin)
_usb_ep0in                                        C:\Users\ajink\AppData\Local\Temp\cc6B8sun.ltrans0.ltrans.o
                                                  build/obj/usb.o (symbol from plugin)
                                                  C:\Users\ajink\AppData\Local\Temp\cc6B8sun.ltrans1.ltrans.o
                                                  build/obj/usb_lld.o (symbol from plugin)
_usb_ep0out                                       C:\Users\ajink\AppData\Local\Temp\cc6B8sun.ltrans0.ltrans.o
                                                  build/obj/usb.o (symbol from plugin)
                                                  C:\Users\ajink\AppData\Local\Temp\cc6B8sun.ltrans1.ltrans.o
                                                  build/obj/usb_lld.o (symbol from plugin)
_usb_ep0setup                                     C:\Users\ajink\AppData\Local\Temp\cc6B8sun.ltrans0.ltrans.o
                                                  build/obj/usb.o (symbol from plugin)
                                                  C:\Users\ajink\AppData\Local\Temp\cc6B8sun.ltrans1.ltrans.o
                                                  build/obj/usb_lld.o (symbol from plugin)
_usb_reset                                        build/obj/usb.o (symbol from plugin)
                                                  build/obj/usb_lld.o (symbol from plugin)
_vectors                                          C:\Users\ajink\AppData\Local\Temp\cc6B8sun.ltrans1.ltrans.o
                                                  build/obj/vectors.o (symbol from plugin)
_vt_init                                          build/obj/chvt.o (symbol from plugin)
                                                  build/obj/chsys.o (symbol from plugin)
adcAcquireBus                                     build/obj/adc.o (symbol from plugin)
adcConvert                                        build/obj/adc.o (symbol from plugin)
adcInit                                           build/obj/adc.o (symbol from plugin)
                                                  build/obj/hal.o (symbol from plugin)
adcObjectInit                                     build/obj/adc.o (symbol from plugin)
                                                  build/obj/adc_lld.o (symbol from plugin)
adcReleaseBus                                     build/obj/adc.o (symbol from plugin)
adcStart                                          build/obj/adc.o (symbol from plugin)
adcStartConversion                                build/obj/adc.o (symbol from plugin)
adcStartConversionI                               build/obj/adc.o (symbol from plugin)
adcStop                                           build/obj/adc.o (symbol from plugin)
adcStopConversion                                 build/obj/adc.o (symbol from plugin)
adcStopConversionI                                build/obj/adc.o (symbol from plugin)
adc_lld_init                                      build/obj/adc_lld.o (symbol from plugin)
                                                  build/obj/adc.o (symbol from plugin)
adc_lld_start                                     build/obj/adc_lld.o (symbol from plugin)
                                                  build/obj/adc.o (symbol from plugin)
adc_lld_start_conversion                          build/obj/adc_lld.o (symbol from plugin)
                                                  build/obj/adc.o (symbol from plugin)
adc_lld_stop                                      build/obj/adc_lld.o (symbol from plugin)
                                                  build/obj/adc.o (symbol from plugin)
adc_lld_stop_conversion                           build/obj/adc_lld.o (symbol from plugin)
                                                  build/obj/adc.o (symbol from plugin)
boardInit                                         build/obj/board.o (symbol from plugin)
                                                  build/obj/hal.o (symbol from plugin)
ch                                                C:\Users\ajink\AppData\Local\Temp\cc6B8sun.ltrans4.ltrans.o
                                                  build/obj/chschd.o (symbol from plugin)
                                                  C:\Users\ajink\AppData\Local\Temp\cc6B8sun.ltrans3.ltrans.o
                                                  C:\Users\ajink\AppData\Local\Temp\cc6B8sun.ltrans2.ltrans.o
                                                  C:\Users\ajink\AppData\Local\Temp\cc6B8sun.ltrans1.ltrans.o
                                                  C:\Users\ajink\AppData\Local\Temp\cc6B8sun.ltrans0.ltrans.o
                                                  build/obj/main.o (symbol from plugin)
                                                  build/obj/shell.o (symbol from plugin)
                                                  build/obj/chmsg.o (symbol from plugin)
                                                  build/obj/chevents.o (symbol from plugin)
                                                  build/obj/chcond.o (symbol from plugin)
                                                  build/obj/chmtx.o (symbol from plugin)
                                                  build/obj/chsem.o (symbol from plugin)
                                                  build/obj/chregistry.o (symbol from plugin)
                                                  build/obj/chtm.o (symbol from plugin)
                                                  build/obj/chthreads.o (symbol from plugin)
                                                  build/obj/chvt.o (symbol from plugin)
                                                  build/obj/chsys.o (symbol from plugin)
chCondBroadcast                                   build/obj/chcond.o (symbol from plugin)
chCondBroadcastI                                  build/obj/chcond.o (symbol from plugin)
chCondObjectInit                                  build/obj/chcond.o (symbol from plugin)
chCondSignal                                      build/obj/chcond.o (symbol from plugin)
chCondSignalI                                     build/obj/chcond.o (symbol from plugin)
chCondWait                                        build/obj/chcond.o (symbol from plugin)
chCondWaitS                                       build/obj/chcond.o (symbol from plugin)
chCondWaitTimeout                                 build/obj/chcond.o (symbol from plugin)
chCondWaitTimeoutS                                build/obj/chcond.o (symbol from plugin)
chCoreAlloc                                       C:\Users\ajink\AppData\Local\Temp\cc6B8sun.ltrans2.ltrans.o
                                                  build/obj/chmemcore.o (symbol from plugin)
                                                  C:\Users\ajink\AppData\Local\Temp\cc6B8sun.ltrans3.ltrans.o
                                                  build/obj/chheap.o (symbol from plugin)
chCoreAllocI                                      build/obj/chmemcore.o (symbol from plugin)
chCoreGetStatusX                                  build/obj/chmemcore.o (symbol from plugin)
chEvtAddEvents                                    build/obj/chevents.o (symbol from plugin)
chEvtBroadcastFlags                               build/obj/chevents.o (symbol from plugin)
chEvtBroadcastFlagsI                              C:\Users\ajink\AppData\Local\Temp\cc6B8sun.ltrans2.ltrans.o
                                                  build/obj/chevents.o (symbol from plugin)
                                                  C:\Users\ajink\AppData\Local\Temp\cc6B8sun.ltrans1.ltrans.o
                                                  build/obj/shell.o (symbol from plugin)
                                                  build/obj/serial_usb.o (symbol from plugin)
chEvtDispatch                                     build/obj/chevents.o (symbol from plugin)
chEvtGetAndClearEvents                            build/obj/chevents.o (symbol from plugin)
chEvtGetAndClearFlags                             build/obj/chevents.o (symbol from plugin)
chEvtGetAndClearFlagsI                            build/obj/chevents.o (symbol from plugin)
chEvtRegisterMaskWithFlags                        build/obj/chevents.o (symbol from plugin)
chEvtSignal                                       build/obj/chevents.o (symbol from plugin)
chEvtSignalI                                      build/obj/chevents.o (symbol from plugin)
chEvtUnregister                                   build/obj/chevents.o (symbol from plugin)
chEvtWaitAll                                      build/obj/chevents.o (symbol from plugin)
chEvtWaitAllTimeout                               build/obj/chevents.o (symbol from plugin)
chEvtWaitAny                                      build/obj/chevents.o (symbol from plugin)
chEvtWaitAnyTimeout                               build/obj/chevents.o (symbol from plugin)
chEvtWaitOne                                      build/obj/chevents.o (symbol from plugin)
chEvtWaitOneTimeout                               build/obj/chevents.o (symbol from plugin)
chHeapAlloc                                       build/obj/chheap.o (symbol from plugin)
                                                  build/obj/chdynamic.o (symbol from plugin)
chHeapFree                                        build/obj/chheap.o (symbol from plugin)
                                                  build/obj/chdynamic.o (symbol from plugin)
chHeapObjectInit                                  build/obj/chheap.o (symbol from plugin)
chHeapStatus                                      build/obj/chheap.o (symbol from plugin)
chIQGetTimeout                                    build/obj/chqueues.o (symbol from plugin)
                                                  build/obj/serial_usb.o (symbol from plugin)
chIQObjectInit                                    build/obj/chqueues.o (symbol from plugin)
                                                  build/obj/serial_usb.o (symbol from plugin)
chIQPutI                                          build/obj/chqueues.o (symbol from plugin)
chIQReadTimeout                                   build/obj/chqueues.o (symbol from plugin)
                                                  build/obj/serial_usb.o (symbol from plugin)
chIQResetI                                        build/obj/chqueues.o (symbol from plugin)
                                                  build/obj/serial_usb.o (symbol from plugin)
chMBFetch                                         build/obj/chmboxes.o (symbol from plugin)
chMBFetchI                                        build/obj/chmboxes.o (symbol from plugin)
chMBFetchS                                        build/obj/chmboxes.o (symbol from plugin)
chMBObjectInit                                    build/obj/chmboxes.o (symbol from plugin)
chMBPost                                          build/obj/chmboxes.o (symbol from plugin)
chMBPostAhead                                     build/obj/chmboxes.o (symbol from plugin)
chMBPostAheadI                                    build/obj/chmboxes.o (symbol from plugin)
chMBPostAheadS                                    build/obj/chmboxes.o (symbol from plugin)
chMBPostI                                         build/obj/chmboxes.o (symbol from plugin)
chMBPostS                                         build/obj/chmboxes.o (symbol from plugin)
chMBReset                                         build/obj/chmboxes.o (symbol from plugin)
chMBResetI                                        build/obj/chmboxes.o (symbol from plugin)
chMsgRelease                                      build/obj/chmsg.o (symbol from plugin)
chMsgSend                                         build/obj/chmsg.o (symbol from plugin)
chMsgWait                                         build/obj/chmsg.o (symbol from plugin)
chMtxLock                                         build/obj/chmtx.o (symbol from plugin)
                                                  build/obj/i2c.o (symbol from plugin)
                                                  build/obj/adc.o (symbol from plugin)
                                                  build/obj/chheap.o (symbol from plugin)
chMtxLockS                                        C:\Users\ajink\AppData\Local\Temp\cc6B8sun.ltrans2.ltrans.o
                                                  build/obj/chmtx.o (symbol from plugin)
                                                  C:\Users\ajink\AppData\Local\Temp\cc6B8sun.ltrans3.ltrans.o
                                                  build/obj/chcond.o (symbol from plugin)